<html>
<body>
<pre>
<h1>礦ision Build Log</h1>
<h2>Tool Versions:</h2>
IDE-Version: μVision V5.31.0.0
Copyright (C) 2020 ARM Ltd and ARM Germany GmbH. All rights reserved.
License Information: CP CP, CP, LIC=LJWQD-8FB75-HR3XN-Y6X1N-BKKDN-G5BAZ
 
Tool Versions:
Toolchain:       MDK-ARM Professional  Version: 5.31.0.0
Toolchain Path:  C:\Keil_v5\ARM\ARMCC\Bin
C Compiler:      Armcc.exe V5.06 update 6 (build 750)
Assembler:       Armasm.exe V5.06 update 6 (build 750)
Linker/Locator:  ArmLink.exe V5.06 update 6 (build 750)
Library Manager: ArmAr.exe V5.06 update 6 (build 750)
Hex Converter:   FromElf.exe V5.06 update 6 (build 750)
CPU DLL:         SARMCM3.DLL V5.31.0.0
Dialog DLL:      DARMCM1.DLL V1.19.3.0
Target DLL:      CMSIS_AGDI.dll V1.32.6.0
Dialog DLL:      TARMCM1.DLL V1.14.2.0
 
<h2>Project:</h2>
D:\客户\F032TEST\F032TEST\MM32F032xx_s_Code_V1.10_EN_202006301608\MM32F032xx_s_Code_V1.10_EN_20200630\1_SampleCode_HAL\04_PWR\01_PWR_WakeUpFromStopByGPIO\MDK-ARM\PWR_WakeUpFromStopByGPIO.uvprojx
Project File Date:  10/23/2020

<h2>Output:</h2>
*** Using Compiler 'V5.06 update 6 (build 750)', folder: 'C:\Keil_v5\ARM\ARMCC\Bin'
Rebuild target 'MM32F032R8T6'
assembling startup_MM32F032xx_s_KEIL.s...
compiling system_MM32F032xx_s.c...
compiling HAL_dbg.c...
compiling HAL_crc.c...
compiling HAL_bkp.c...
compiling HAL_adc.c...
compiling HAL_dma.c...
compiling pwr.c...
compiling main.c...
compiling bsp_led.c...
compiling systick.c...
compiling uart.c...
compiling HAL_exti.c...
compiling HAL_flash.c...
compiling HAL_gpio.c...
compiling HAL_misc.c...
compiling HAL_iwdg.c...
compiling HAL_pwr.c...
compiling HAL_i2c.c...
compiling HAL_rtc.c...
compiling HAL_spi.c...
compiling HAL_rcc.c...
compiling HAL_tim.c...
compiling HAL_uart.c...
compiling HAL_uid.c...
compiling HAL_ver.c...
compiling HAL_wwdg.c...
linking...
Program Size: Code=3432 RO-data=224 RW-data=44 ZI-data=1028  
FromELF: creating hex file...
After Build - User command #1: fromelf --bin "D:\客户\F032TEST\F032TEST\MM32F032xx_s_Code_V1.10_EN_202006301608\MM32F032xx_s_Code_V1.10_EN_20200630\1_SampleCode_HAL\04_PWR\01_PWR_WakeUpFromStopByGPIO\MDK-ARM\Objects\PWR_WakeUpFromStopByGPIO.axf" --output "D:\客户\F032TEST\F032TEST\MM32F032xx_s_Code_V1.10_EN_202006301608\MM32F032xx_s_Code_V1.10_EN_20200630\1_SampleCode_HAL\04_PWR\01_PWR_WakeUpFromStopByGPIO\MDK-ARM\Objects\PWR_WakeUpFromStopByGPIO.bin"
".\Objects\PWR_WakeUpFromStopByGPIO.axf" - 0 Error(s), 0 Warning(s).

<h2>Software Packages used:</h2>

Package Vendor: MindMotion
                http://www.mindmotion.com.cn/Download/MDK_KEIL/MindMotion.MM32F032_DFP.1.0.0.pack
                MindMotion.MM32F032_DFP.1.0.0
                MindMotion MM32F032 Series Device Support, Drivers and Examples

<h2>Collection of Component include folders:</h2>

<h2>Collection of Component Files used:</h2>
Build Time Elapsed:  00:00:02
</pre>
</body>
</html>
