Component: ARM Compiler 5.06 update 6 (build 750) Tool: armlink [4d35ed]

==============================================================================

Section Cross References

    system_mm32f032xx_s.o(i.AutoCalPllFactor) refers to uidiv.o(.text) for __aeabi_uidivmod
    system_mm32f032xx_s.o(i.SetSysClock) refers to system_mm32f032xx_s.o(i.SetSysClockTo48_HSI) for SetSysClockTo48_HSI
    system_mm32f032xx_s.o(i.SetSysClockTo48_HSI) refers to uidiv.o(.text) for __aeabi_uidivmod
    system_mm32f032xx_s.o(i.SetSysClockTo48_HSI) refers to system_mm32f032xx_s.o(i.AutoCalPllFactor) for AutoCalPllFactor
    system_mm32f032xx_s.o(i.SetSysClockTo48_HSI) refers to system_mm32f032xx_s.o(.data) for SystemCoreClock
    system_mm32f032xx_s.o(i.SystemInit) refers to system_mm32f032xx_s.o(i.SetSysClock) for SetSysClock
    startup_mm32f032xx_s_keil.o(RESET) refers to startup_mm32f032xx_s_keil.o(STACK) for __initial_sp
    startup_mm32f032xx_s_keil.o(RESET) refers to startup_mm32f032xx_s_keil.o(.text) for Reset_Handler
    startup_mm32f032xx_s_keil.o(RESET) refers to port.o(.emb_text) for PendSV_Handler
    startup_mm32f032xx_s_keil.o(RESET) refers to port.o(i.SysTick_Handler) for SysTick_Handler
    startup_mm32f032xx_s_keil.o(.text) refers to startup_mm32f032xx_s_keil.o(STACK) for __initial_sp
    startup_mm32f032xx_s_keil.o(.text) refers to system_mm32f032xx_s.o(i.SystemInit) for SystemInit
    startup_mm32f032xx_s_keil.o(.text) refers to entry.o(.ARM.Collect$$$$00000000) for __main
    main.o(i.AppTaskCreate) refers to tasks.o(i.xTaskCreate) for xTaskCreate
    main.o(i.AppTaskCreate) refers to main.o(i.vAppTask1) for vAppTask1
    main.o(i.AppTaskCreate) refers to main.o(i.vAppTask2) for vAppTask2
    main.o(i.AppTaskCreate) refers to main.o(i.vAppTask3) for vAppTask3
    main.o(i.AppTaskCreate) refers to main.o(i.vAppTask4) for vAppTask4
    main.o(i.main) refers to systick.o(i.SysTick_Init) for SysTick_Init
    main.o(i.main) refers to bsp_led.o(i.BSP_LED_Init) for BSP_LED_Init
    main.o(i.main) refers to uart.o(i.UARTx_Configure) for UARTx_Configure
    main.o(i.main) refers to printfb.o(i.__0printf$bare) for __2printf
    main.o(i.main) refers to main.o(i.AppTaskCreate) for AppTaskCreate
    main.o(i.main) refers to tasks.o(i.vTaskStartScheduler) for vTaskStartScheduler
    main.o(i.vAppTask1) refers to hal_gpio.o(i.GPIO_ReadOutputDataBit) for GPIO_ReadOutputDataBit
    main.o(i.vAppTask1) refers to hal_gpio.o(i.GPIO_WriteBit) for GPIO_WriteBit
    main.o(i.vAppTask1) refers to tasks.o(i.vTaskDelay) for vTaskDelay
    main.o(i.vAppTask2) refers to hal_gpio.o(i.GPIO_ReadOutputDataBit) for GPIO_ReadOutputDataBit
    main.o(i.vAppTask2) refers to hal_gpio.o(i.GPIO_WriteBit) for GPIO_WriteBit
    main.o(i.vAppTask2) refers to tasks.o(i.vTaskDelay) for vTaskDelay
    main.o(i.vAppTask3) refers to hal_gpio.o(i.GPIO_ReadOutputDataBit) for GPIO_ReadOutputDataBit
    main.o(i.vAppTask3) refers to hal_gpio.o(i.GPIO_WriteBit) for GPIO_WriteBit
    main.o(i.vAppTask3) refers to tasks.o(i.vTaskDelay) for vTaskDelay
    main.o(i.vAppTask4) refers to hal_gpio.o(i.GPIO_ReadOutputDataBit) for GPIO_ReadOutputDataBit
    main.o(i.vAppTask4) refers to hal_gpio.o(i.GPIO_WriteBit) for GPIO_WriteBit
    main.o(i.vAppTask4) refers to tasks.o(i.vTaskDelay) for vTaskDelay
    systick.o(i.SysTick_DelayMs) refers to systick.o(.data) for SysTick_DelayTicks
    systick.o(i.SysTick_Init) refers to hal_rcc.o(i.RCC_GetSysClockFreq) for RCC_GetSysClockFreq
    systick.o(i.SysTick_Init) refers to uidiv.o(.text) for __aeabi_uidivmod
    systick.o(i.SysTick_Init) refers to systick.o(i.NVIC_SetPriority) for NVIC_SetPriority
    uart.o(i.UARTx_Configure) refers to hal_rcc.o(i.RCC_APB2PeriphClockCmd) for RCC_APB2PeriphClockCmd
    uart.o(i.UARTx_Configure) refers to hal_uart.o(i.UART_StructInit) for UART_StructInit
    uart.o(i.UARTx_Configure) refers to hal_uart.o(i.UART_Init) for UART_Init
    uart.o(i.UARTx_Configure) refers to hal_rcc.o(i.RCC_AHBPeriphClockCmd) for RCC_AHBPeriphClockCmd
    uart.o(i.UARTx_Configure) refers to hal_gpio.o(i.GPIO_PinAFConfig) for GPIO_PinAFConfig
    uart.o(i.UARTx_Configure) refers to hal_gpio.o(i.GPIO_StructInit) for GPIO_StructInit
    uart.o(i.UARTx_Configure) refers to hal_gpio.o(i.GPIO_Init) for GPIO_Init
    uart.o(i.UARTx_Configure) refers to hal_uart.o(i.UART_Cmd) for UART_Cmd
    uart.o(i.UARTx_Configure) refers to hal_rcc.o(i.RCC_APB1PeriphClockCmd) for RCC_APB1PeriphClockCmd
    uart.o(i.fputc) refers to hal_uart.o(i.UART_SendData) for UART_SendData
    uart.o(i.fputc) refers to hal_uart.o(i.UART_GetFlagStatus) for UART_GetFlagStatus
    bsp_led.o(i.BSP_LED_Init) refers to hal_rcc.o(i.RCC_AHBPeriphClockCmd) for RCC_AHBPeriphClockCmd
    bsp_led.o(i.BSP_LED_Init) refers to hal_gpio.o(i.GPIO_StructInit) for GPIO_StructInit
    bsp_led.o(i.BSP_LED_Init) refers to hal_gpio.o(i.GPIO_Init) for GPIO_Init
    bsp_led.o(i.BSP_LED_Init) refers to hal_gpio.o(i.GPIO_ResetBits) for GPIO_ResetBits
[...]
    Removing hal_crc.o(i.CRC_GetCRC), (12 bytes).
    Removing hal_crc.o(i.CRC_GetIDRegister), (12 bytes).
    Removing hal_crc.o(i.CRC_ResetDR), (12 bytes).
    Removing hal_crc.o(i.CRC_SetIDRegister), (12 bytes).
    Removing hal_dbg.o(.rev16_text), (4 bytes).
    Removing hal_dbg.o(.revsh_text), (4 bytes).
    Removing hal_dbg.o(i.DBGMCU_Configure), (32 bytes).
    Removing hal_dma.o(.rev16_text), (4 bytes).
    Removing hal_dma.o(.revsh_text), (4 bytes).
    Removing hal_dma.o(i.DMA_ClearFlag), (12 bytes).
    Removing hal_dma.o(i.DMA_ClearITPendingBit), (12 bytes).
    Removing hal_dma.o(i.DMA_Cmd), (12 bytes).
    Removing hal_dma.o(i.DMA_DeInit), (56 bytes).
    Removing hal_dma.o(i.DMA_GetCurrDataCounter), (8 bytes).
    Removing hal_dma.o(i.DMA_GetFlagStatus), (24 bytes).
    Removing hal_dma.o(i.DMA_GetITStatus), (24 bytes).
    Removing hal_dma.o(i.DMA_ITConfig), (20 bytes).
    Removing hal_dma.o(i.DMA_Init), (76 bytes).
    Removing hal_dma.o(i.DMA_StructInit), (28 bytes).
    Removing hal_dma.o(i.exDMA_ClearITPendingBit), (44 bytes).
    Removing hal_dma.o(i.exDMA_SetMemoryAddress), (4 bytes).
    Removing hal_dma.o(i.exDMA_SetPeripheralAddress), (4 bytes).
    Removing hal_dma.o(i.exDMA_SetTransmitLen), (4 bytes).
    Removing hal_exti.o(.rev16_text), (4 bytes).
    Removing hal_exti.o(.revsh_text), (4 bytes).
    Removing hal_exti.o(i.EXTI_ClearFlag), (12 bytes).
    Removing hal_exti.o(i.EXTI_ClearITPendingBit), (12 bytes).
    Removing hal_exti.o(i.EXTI_DMAChannelRemapConfig), (32 bytes).
    Removing hal_exti.o(i.EXTI_DeInit), (40 bytes).
    Removing hal_exti.o(i.EXTI_GenerateSWInterrupt), (16 bytes).
    Removing hal_exti.o(i.EXTI_GetFlagStatus), (24 bytes).
    Removing hal_exti.o(i.EXTI_GetITStatus), (36 bytes).
    Removing hal_exti.o(i.EXTI_Init), (120 bytes).
    Removing hal_exti.o(i.EXTI_LineConfig), (60 bytes).
    Removing hal_exti.o(i.EXTI_MemoryRemapConfig), (20 bytes).
    Removing hal_exti.o(i.EXTI_StructInit), (16 bytes).
    Removing hal_exti.o(i.exEXTI_GetAllFlagStatus), (12 bytes).
    Removing hal_exti.o(i.exEXTI_LineDisable), (40 bytes).
    Removing hal_flash.o(.rev16_text), (4 bytes).
    Removing hal_flash.o(.revsh_text), (4 bytes).
    Removing hal_flash.o(i.FLASH_ClearFlag), (12 bytes).
    Removing hal_flash.o(i.FLASH_EnableWriteProtection), (56 bytes).
    Removing hal_flash.o(i.FLASH_EraseAllPages), (40 bytes).
    Removing hal_flash.o(i.FLASH_EraseOptionBytes), (44 bytes).
    Removing hal_flash.o(i.FLASH_ErasePage), (48 bytes).
    Removing hal_flash.o(i.FLASH_EraseProtect), (44 bytes).
    Removing hal_flash.o(i.FLASH_GetFlagStatus), (36 bytes).
    Removing hal_flash.o(i.FLASH_GetPrefetchBufferStatus), (16 bytes).
    Removing hal_flash.o(i.FLASH_GetStatus), (56 bytes).
    Removing hal_flash.o(i.FLASH_GetUserOptionByte), (12 bytes).
    Removing hal_flash.o(i.FLASH_GetWriteProtectionOptionByte), (12 bytes).
    Removing hal_flash.o(i.FLASH_HalfCycleAccessCmd), (28 bytes).
    Removing hal_flash.o(i.FLASH_ITConfig), (32 bytes).
    Removing hal_flash.o(i.FLASH_Lock), (20 bytes).
    Removing hal_flash.o(i.FLASH_OPTB_Enable), (24 bytes).
    Removing hal_flash.o(i.FLASH_PrefetchBufferCmd), (28 bytes).
    Removing hal_flash.o(i.FLASH_ProgramHalfWord), (32 bytes).
    Removing hal_flash.o(i.FLASH_ProgramOptionByteData), (36 bytes).
    Removing hal_flash.o(i.FLASH_ProgramOptionHalfWord), (36 bytes).
    Removing hal_flash.o(i.FLASH_ProgramProtect), (16 bytes).
    Removing hal_flash.o(i.FLASH_ProgramWord), (34 bytes).
    Removing hal_flash.o(i.FLASH_SetLatency), (20 bytes).
    Removing hal_flash.o(i.FLASH_Unlock), (24 bytes).
    Removing hal_flash.o(i.FLASH_UserOptionByteConfig), (72 bytes).
    Removing hal_flash.o(i.FLASH_WaitForLastOperation), (60 bytes).
    Removing hal_flash.o(i.exFLASH_EraseEE), (20 bytes).
    Removing hal_flash.o(i.exFLASH_FindEmpty), (44 bytes).
    Removing hal_flash.o(i.exFLASH_Locate), (70 bytes).
    Removing hal_flash.o(i.exFLASH_ProgramEE), (48 bytes).
    Removing hal_flash.o(i.exFLASH_ReadEE), (36 bytes).
    Removing hal_flash.o(i.exFLASH_WriteEE), (132 bytes).
    Removing hal_gpio.o(.rev16_text), (4 bytes).
    Removing hal_gpio.o(.revsh_text), (4 bytes).
    Removing hal_gpio.o(i.GPIO_AFIODeInit), (52 bytes).
    Removing hal_gpio.o(i.GPIO_DeInit), (86 bytes).
    Removing hal_gpio.o(i.GPIO_PinLock), (20 bytes).
    Removing hal_gpio.o(i.GPIO_PinLockConfig), (24 bytes).
    Removing hal_gpio.o(i.GPIO_ReadInputData), (8 bytes).
    Removing hal_gpio.o(i.GPIO_ReadInputDataBit), (18 bytes).
    Removing hal_gpio.o(i.GPIO_ReadOutputData), (8 bytes).
    Removing hal_gpio.o(i.GPIO_SetBits), (4 bytes).
    Removing hal_gpio.o(i.GPIO_Write), (4 bytes).
    Removing hal_gpio.o(i.exGPIO_PinAFConfig), (74 bytes).
    Removing hal_i2c.o(.rev16_text), (4 bytes).
    Removing hal_i2c.o(.revsh_text), (4 bytes).
    Removing hal_i2c.o(i.I2C_CheckEvent), (44 bytes).
    Removing hal_i2c.o(i.I2C_ClearFlag), (146 bytes).
    Removing hal_i2c.o(i.I2C_ClearITPendingBit), (146 bytes).
    Removing hal_i2c.o(i.I2C_Cmd), (32 bytes).
    Removing hal_i2c.o(i.I2C_DMACmd), (60 bytes).
    Removing hal_i2c.o(i.I2C_DMAConfigure), (10 bytes).
    Removing hal_i2c.o(i.I2C_DeInit), (32 bytes).
    Removing hal_i2c.o(i.I2C_DualAddressCmd), (32 bytes).
    Removing hal_i2c.o(i.I2C_GeneralCallCmd), (28 bytes).
    Removing hal_i2c.o(i.I2C_GenerateSTART), (24 bytes).
    Removing hal_i2c.o(i.I2C_GenerateSTOP), (56 bytes).
    Removing hal_i2c.o(i.I2C_GetFlagStatus), (72 bytes).
    Removing hal_i2c.o(i.I2C_GetITStatus), (18 bytes).
    Removing hal_i2c.o(i.I2C_GetLastEvent), (16 bytes).
    Removing hal_i2c.o(i.I2C_ITConfig), (36 bytes).
    Removing hal_i2c.o(i.I2C_Init), (216 bytes).
    Removing hal_i2c.o(i.I2C_OwnAddress2Config), (14 bytes).
    Removing hal_i2c.o(i.I2C_ReadCmd), (8 bytes).
    Removing hal_i2c.o(i.I2C_ReadRegister), (6 bytes).
    Removing hal_i2c.o(i.I2C_ReceiveData), (20 bytes).
    Removing hal_i2c.o(i.I2C_Send7bitAddress), (6 bytes).
    Removing hal_i2c.o(i.I2C_SendData), (4 bytes).
    Removing hal_i2c.o(i.I2C_SendSlaveAddress), (6 bytes).
    Removing hal_i2c.o(i.I2C_SlaveConfigure), (24 bytes).
    Removing hal_i2c.o(i.I2C_StructInit), (24 bytes).
    Removing hal_i2c.o(.data), (4 bytes).
    Removing hal_iwdg.o(.rev16_text), (4 bytes).
    Removing hal_iwdg.o(.revsh_text), (4 bytes).
    Removing hal_iwdg.o(i.IWDG_ClearIT), (20 bytes).
    Removing hal_iwdg.o(i.IWDG_ClearITPendingBit), (20 bytes).
    Removing hal_iwdg.o(i.IWDG_Enable), (16 bytes).
    Removing hal_iwdg.o(i.IWDG_EnableIT), (20 bytes).
    Removing hal_iwdg.o(i.IWDG_GetFlagStatus), (24 bytes).
    Removing hal_iwdg.o(i.IWDG_GetReload), (12 bytes).
    Removing hal_iwdg.o(i.IWDG_OverflowConfig), (28 bytes).
    Removing hal_iwdg.o(i.IWDG_ReloadCounter), (16 bytes).
    Removing hal_iwdg.o(i.IWDG_Reset), (20 bytes).
    Removing hal_iwdg.o(i.IWDG_SetPrescaler), (20 bytes).
    Removing hal_iwdg.o(i.IWDG_SetReload), (20 bytes).
    Removing hal_iwdg.o(i.IWDG_WriteAccessCmd), (12 bytes).
    Removing hal_iwdg.o(i.PVU_CheckStatus), (16 bytes).
    Removing hal_iwdg.o(i.RVU_CheckStatus), (16 bytes).
    Removing hal_misc.o(.rev16_text), (4 bytes).
    Removing hal_misc.o(.revsh_text), (4 bytes).
    Removing hal_misc.o(i.NVIC_Init), (104 bytes).
    Removing hal_misc.o(i.NVIC_SystemLPConfig), (32 bytes).
    Removing hal_misc.o(i.SysTick_CLKSourceConfig), (36 bytes).
    Removing hal_misc.o(i.exNVIC_Init), (104 bytes).
    Removing hal_pwr.o(.rev16_text), (4 bytes).
    Removing hal_pwr.o(.revsh_text), (4 bytes).
    Removing hal_pwr.o(i.PWR_BackupAccessCmd), (40 bytes).
    Removing hal_pwr.o(i.PWR_ClearFlag), (20 bytes).
    Removing hal_pwr.o(i.PWR_DeInit), (12 bytes).
    Removing hal_pwr.o(i.PWR_EnterSTANDBYMode), (40 bytes).
    Removing hal_pwr.o(i.PWR_EnterSTOPMode), (44 bytes).
    Removing hal_pwr.o(i.PWR_GetFlagStatus), (16 bytes).
    Removing hal_pwr.o(i.PWR_PVDCmd), (36 bytes).
    Removing hal_pwr.o(i.PWR_PVDLevelConfig), (24 bytes).
    Removing hal_pwr.o(i.PWR_WakeUpPinCmd), (40 bytes).
    Removing hal_pwr.o(i.exPWR_EnterLowPowerMode), (52 bytes).
    Removing hal_rcc.o(.rev16_text), (4 bytes).
    Removing hal_rcc.o(.revsh_text), (4 bytes).
    Removing hal_rcc.o(i.NVIC_SetPriority), (120 bytes).
    Removing hal_rcc.o(i.RCC_ADCCLKConfig), (24 bytes).
    Removing hal_rcc.o(i.RCC_AHBPeriphResetCmd), (32 bytes).
    Removing hal_rcc.o(i.RCC_APB1PeriphResetCmd), (32 bytes).
    Removing hal_rcc.o(i.RCC_APB2PeriphResetCmd), (32 bytes).
    Removing hal_rcc.o(i.RCC_BackupResetCmd), (24 bytes).
    Removing hal_rcc.o(i.RCC_ClearFlag), (20 bytes).
    Removing hal_rcc.o(i.RCC_ClearITPendingBit), (20 bytes).
    Removing hal_rcc.o(i.RCC_ClockSecuritySystemCmd), (24 bytes).
    Removing hal_rcc.o(i.RCC_DeInit), (64 bytes).
    Removing hal_rcc.o(i.RCC_GetClocksFreq), (72 bytes).
    Removing hal_rcc.o(i.RCC_GetFlagStatus), (56 bytes).
    Removing hal_rcc.o(i.RCC_GetITStatus), (16 bytes).
    Removing hal_rcc.o(i.RCC_GetSYSCLKSource), (16 bytes).
    Removing hal_rcc.o(i.RCC_HCLKConfig), (20 bytes).
    Removing hal_rcc.o(i.RCC_HSEConfig), (72 bytes).
    Removing hal_rcc.o(i.RCC_HSICmd), (20 bytes).
    Removing hal_rcc.o(i.RCC_ITConfig), (36 bytes).
    Removing hal_rcc.o(i.RCC_LSEConfig), (60 bytes).
    Removing hal_rcc.o(i.RCC_LSICmd), (20 bytes).
    Removing hal_rcc.o(i.RCC_MCOConfig), (24 bytes).
    Removing hal_rcc.o(i.RCC_PCLK1Config), (24 bytes).
    Removing hal_rcc.o(i.RCC_PCLK2Config), (24 bytes).
    Removing hal_rcc.o(i.RCC_PLLCmd), (24 bytes).
    Removing hal_rcc.o(i.RCC_PLLConfig), (92 bytes).
    Removing hal_rcc.o(i.RCC_PLLDMDNConfig), (32 bytes).
    Removing hal_rcc.o(i.RCC_RTCCLKCmd), (24 bytes).
    Removing hal_rcc.o(i.RCC_RTCCLKConfig), (24 bytes).
    Removing hal_rcc.o(i.RCC_SYSCLKConfig), (20 bytes).
    Removing hal_rcc.o(i.RCC_WaitForFlagStartUp), (38 bytes).
    Removing hal_rcc.o(i.RCC_WaitForHSEStartUp), (46 bytes).
    Removing hal_rcc.o(i.exRCC_APB1PeriphReset), (24 bytes).
    Removing hal_rcc.o(i.exRCC_APB2PeriphReset), (24 bytes).
    Removing hal_rcc.o(i.exRCC_BackupReset), (2 bytes).
    Removing hal_rcc.o(i.exRCC_SystickDisable), (20 bytes).
    Removing hal_rcc.o(i.exRCC_SystickEnable), (72 bytes).
    Removing hal_rtc.o(.rev16_text), (4 bytes).
    Removing hal_rtc.o(.revsh_text), (4 bytes).
    Removing hal_rtc.o(i.RTC_ClearFlag), (16 bytes).
    Removing hal_rtc.o(i.RTC_ClearITPendingBit), (16 bytes).
    Removing hal_rtc.o(i.RTC_EnterConfigMode), (20 bytes).
    Removing hal_rtc.o(i.RTC_ExitConfigMode), (32 bytes).
    Removing hal_rtc.o(i.RTC_GetCounter), (20 bytes).
    Removing hal_rtc.o(i.RTC_GetDivider), (20 bytes).
    Removing hal_rtc.o(i.RTC_GetFlagStatus), (16 bytes).
    Removing hal_rtc.o(i.RTC_GetITStatus), (16 bytes).
    Removing hal_rtc.o(i.RTC_ITConfig), (36 bytes).
    Removing hal_rtc.o(i.RTC_SetAlarm), (28 bytes).
    Removing hal_rtc.o(i.RTC_SetCounter), (28 bytes).
    Removing hal_rtc.o(i.RTC_SetPrescaler), (28 bytes).
    Removing hal_rtc.o(i.RTC_WaitForLastTask), (20 bytes).
    Removing hal_rtc.o(i.RTC_WaitForSynchro), (32 bytes).
    Removing hal_rtc.o(.data), (1 bytes).
    Removing hal_spi.o(.rev16_text), (4 bytes).
    Removing hal_spi.o(.revsh_text), (4 bytes).
    Removing hal_spi.o(i.SPI_BiDirectionalLineConfig), (64 bytes).
    Removing hal_spi.o(i.SPI_CSInternalSelected), (24 bytes).
    Removing hal_spi.o(i.SPI_ClearITPendingBit), (8 bytes).
    Removing hal_spi.o(i.SPI_Cmd), (24 bytes).
    Removing hal_spi.o(i.SPI_DMACmd), (28 bytes).
    Removing hal_spi.o(i.SPI_DataSizeConfig), (24 bytes).
    Removing hal_spi.o(i.SPI_DeInit), (72 bytes).
    Removing hal_spi.o(i.SPI_FifoTrigger), (20 bytes).
    Removing hal_spi.o(i.SPI_GetFlagStatus), (18 bytes).
    Removing hal_spi.o(i.SPI_GetITStatus), (18 bytes).
    Removing hal_spi.o(i.SPI_ITConfig), (38 bytes).
    Removing hal_spi.o(i.SPI_Init), (138 bytes).
    Removing hal_spi.o(i.SPI_NSSInternalSoftwareConfig), (28 bytes).
    Removing hal_spi.o(i.SPI_ReceiveData), (50 bytes).
    Removing hal_spi.o(i.SPI_RxBytes), (4 bytes).
    Removing hal_spi.o(i.SPI_SendData), (42 bytes).
    Removing hal_spi.o(i.SPI_SlaveAdjust), (24 bytes).
    Removing hal_spi.o(i.SPI_StructInit), (32 bytes).
    Removing hal_spi.o(i.exSPI_CSInternalSelected), (24 bytes).
    Removing hal_spi.o(i.exSPI_DMACmd), (28 bytes).
    Removing hal_spi.o(i.exSPI_DataEdgeAdjust), (58 bytes).
    Removing hal_spi.o(i.exSPI_ITCmd), (24 bytes).
    Removing hal_spi.o(i.exSPI_ITConfig), (20 bytes).
    Removing hal_tim.o(.rev16_text), (4 bytes).
    Removing hal_tim.o(.revsh_text), (4 bytes).
    Removing hal_tim.o(i.TI1_Configure), (32 bytes).
    Removing hal_tim.o(i.TI2_Configure), (38 bytes).
    Removing hal_tim.o(i.TI3_Configure), (38 bytes).
    Removing hal_tim.o(i.TI4_Configure), (42 bytes).
    Removing hal_tim.o(i.TIM_ARRPreloadConfig), (24 bytes).
    Removing hal_tim.o(i.TIM_BDTRConfig), (30 bytes).
    Removing hal_tim.o(i.TIM_BDTRStructInit), (18 bytes).
    Removing hal_tim.o(i.TIM_CCPreloadControl), (24 bytes).
    Removing hal_tim.o(i.TIM_CCxCmd), (20 bytes).
    Removing hal_tim.o(i.TIM_CCxNCmd), (24 bytes).
    Removing hal_tim.o(i.TIM_ClearFlag), (8 bytes).
    Removing hal_tim.o(i.TIM_ClearITPendingBit), (8 bytes).
    Removing hal_tim.o(i.TIM_ClearOC1Ref), (12 bytes).
    Removing hal_tim.o(i.TIM_ClearOC2Ref), (16 bytes).
    Removing hal_tim.o(i.TIM_ClearOC3Ref), (12 bytes).
    Removing hal_tim.o(i.TIM_ClearOC4Ref), (16 bytes).
    Removing hal_tim.o(i.TIM_Cmd), (24 bytes).
    Removing hal_tim.o(i.TIM_CounterModeConfig), (12 bytes).
    Removing hal_tim.o(i.TIM_CtrlPWMOutputs), (28 bytes).
    Removing hal_tim.o(i.TIM_DMACmd), (20 bytes).
    Removing hal_tim.o(i.TIM_DMAConfig), (14 bytes).
    Removing hal_tim.o(i.TIM_DeInit), (124 bytes).
    Removing hal_tim.o(i.TIM_ETRClockMode1Config), (44 bytes).
    Removing hal_tim.o(i.TIM_ETRClockMode2Config), (34 bytes).
    Removing hal_tim.o(i.TIM_ETRConfig), (50 bytes).
    Removing hal_tim.o(i.TIM_EncoderInterfaceConfig), (44 bytes).
    Removing hal_tim.o(i.TIM_ForcedOC1Config), (12 bytes).
    Removing hal_tim.o(i.TIM_ForcedOC2Config), (16 bytes).
    Removing hal_tim.o(i.TIM_ForcedOC3Config), (12 bytes).
    Removing hal_tim.o(i.TIM_ForcedOC4Config), (16 bytes).
    Removing hal_tim.o(i.TIM_GenerateEvent), (8 bytes).
    Removing hal_tim.o(i.TIM_GetCapture1), (6 bytes).
    Removing hal_tim.o(i.TIM_GetCapture2), (6 bytes).
    Removing hal_tim.o(i.TIM_GetCapture3), (6 bytes).
    Removing hal_tim.o(i.TIM_GetCapture4), (6 bytes).
    Removing hal_tim.o(i.TIM_GetCounter), (6 bytes).
    Removing hal_tim.o(i.TIM_GetFlagStatus), (18 bytes).
    Removing hal_tim.o(i.TIM_GetITStatus), (26 bytes).
    Removing hal_tim.o(i.TIM_GetPrescaler), (8 bytes).
    Removing hal_tim.o(i.TIM_ICInit), (120 bytes).
    Removing hal_tim.o(i.TIM_ICStructInit), (18 bytes).
    Removing hal_tim.o(i.TIM_ITConfig), (20 bytes).
    Removing hal_tim.o(i.TIM_ITRxExternalClockConfig), (24 bytes).
    Removing hal_tim.o(i.TIM_InternalClockConfig), (10 bytes).
    Removing hal_tim.o(i.TIM_OC1FastConfig), (12 bytes).
    Removing hal_tim.o(i.TIM_OC1Init), (128 bytes).
    Removing hal_tim.o(i.TIM_OC1NPolarityConfig), (12 bytes).
    Removing hal_tim.o(i.TIM_OC1PolarityConfig), (12 bytes).
    Removing hal_tim.o(i.TIM_OC1PreloadConfig), (12 bytes).
    Removing hal_tim.o(i.TIM_OC2FastConfig), (16 bytes).
    Removing hal_tim.o(i.TIM_OC2Init), (100 bytes).
    Removing hal_tim.o(i.TIM_OC2NPolarityConfig), (14 bytes).
    Removing hal_tim.o(i.TIM_OC2PolarityConfig), (14 bytes).
    Removing hal_tim.o(i.TIM_OC2PreloadConfig), (16 bytes).
    Removing hal_tim.o(i.TIM_OC3FastConfig), (12 bytes).
    Removing hal_tim.o(i.TIM_OC3Init), (96 bytes).
    Removing hal_tim.o(i.TIM_OC3NPolarityConfig), (16 bytes).
    Removing hal_tim.o(i.TIM_OC3PolarityConfig), (16 bytes).
    Removing hal_tim.o(i.TIM_OC3PreloadConfig), (12 bytes).
    Removing hal_tim.o(i.TIM_OC4FastConfig), (16 bytes).
    Removing hal_tim.o(i.TIM_OC4Init), (76 bytes).
    Removing hal_tim.o(i.TIM_OC4PolarityConfig), (16 bytes).
    Removing hal_tim.o(i.TIM_OC4PreloadConfig), (16 bytes).
    Removing hal_tim.o(i.TIM_OCStructInit), (20 bytes).
    Removing hal_tim.o(i.TIM_PWMIConfig), (128 bytes).
    Removing hal_tim.o(i.TIM_PrescalerConfig), (10 bytes).
    Removing hal_tim.o(i.TIM_SelectCCDMA), (24 bytes).
    Removing hal_tim.o(i.TIM_SelectCOM), (24 bytes).
    Removing hal_tim.o(i.TIM_SelectHallSensor), (24 bytes).
    Removing hal_tim.o(i.TIM_SelectInputTrigger), (12 bytes).
    Removing hal_tim.o(i.TIM_SelectMasterSlaveMode), (12 bytes).
    Removing hal_tim.o(i.TIM_SelectOCxM), (92 bytes).
    Removing hal_tim.o(i.TIM_SelectOnePulseMode), (12 bytes).
    Removing hal_tim.o(i.TIM_SelectOutputTrigger), (12 bytes).
    Removing hal_tim.o(i.TIM_SelectSlaveMode), (12 bytes).
    Removing hal_tim.o(i.TIM_SetAutoreload), (4 bytes).
    Removing hal_tim.o(i.TIM_SetClockDivision), (14 bytes).
    Removing hal_tim.o(i.TIM_SetCompare1), (18 bytes).
    Removing hal_tim.o(i.TIM_SetCompare2), (18 bytes).
    Removing hal_tim.o(i.TIM_SetCompare3), (18 bytes).
    Removing hal_tim.o(i.TIM_SetCompare4), (18 bytes).
    Removing hal_tim.o(i.TIM_SetCounter), (18 bytes).
    Removing hal_tim.o(i.TIM_SetIC1Prescaler), (12 bytes).
    Removing hal_tim.o(i.TIM_SetIC2Prescaler), (16 bytes).
    Removing hal_tim.o(i.TIM_SetIC3Prescaler), (12 bytes).
    Removing hal_tim.o(i.TIM_SetIC4Prescaler), (16 bytes).
    Removing hal_tim.o(i.TIM_TIxExternalClockConfig), (58 bytes).
    Removing hal_tim.o(i.TIM_TimeBaseInit), (116 bytes).
    Removing hal_tim.o(i.TIM_TimeBaseStructInit), (18 bytes).
    Removing hal_tim.o(i.TIM_UpdateDisableConfig), (24 bytes).
    Removing hal_tim.o(i.TIM_UpdateRequestConfig), (12 bytes).
    Removing hal_tim.o(i.exTIM_SetIC1Plority), (24 bytes).
    Removing hal_tim.o(i.exTIM_SetIC2Plority), (24 bytes).
    Removing hal_tim.o(i.exTIM_SetIC3Plority), (28 bytes).
    Removing hal_tim.o(i.exTIM_SetIC4Plority), (28 bytes).
    Removing hal_uart.o(.rev16_text), (4 bytes).
    Removing hal_uart.o(.revsh_text), (4 bytes).
    Removing hal_uart.o(i.UART_ClearITPendingBit), (4 bytes).
    Removing hal_uart.o(i.UART_DMACmd), (18 bytes).
    Removing hal_uart.o(i.UART_DeInit), (44 bytes).
    Removing hal_uart.o(i.UART_Enable9bit), (16 bytes).
    Removing hal_uart.o(i.UART_GetITStatus), (18 bytes).
    Removing hal_uart.o(i.UART_HalfDuplexCmd), (16 bytes).
    Removing hal_uart.o(i.UART_ITConfig), (20 bytes).
    Removing hal_uart.o(i.UART_ReceiveData), (8 bytes).
    Removing hal_uart.o(i.UART_ReceiverWakeUpCmd), (16 bytes).
    Removing hal_uart.o(i.UART_SendBreak), (10 bytes).
    Removing hal_uart.o(i.UART_Set9bitAutomaticToggle), (16 bytes).
    Removing hal_uart.o(i.UART_Set9bitLevel), (16 bytes).
    Removing hal_uart.o(i.UART_Set9bitPolarity), (14 bytes).
    Removing hal_uart.o(i.UART_SetGuardTime), (16 bytes).
    Removing hal_uart.o(i.UART_SetRXAddress), (12 bytes).
    Removing hal_uart.o(i.UART_SetRXMASK), (12 bytes).
    Removing hal_uart.o(i.UART_SmartCardCmd), (12 bytes).
    Removing hal_uart.o(i.UART_SmartCardNACKCmd), (14 bytes).
    Removing hal_uart.o(i.UART_WakeUpConfig), (14 bytes).
    Removing hal_uid.o(.rev16_text), (4 bytes).
    Removing hal_uid.o(.revsh_text), (4 bytes).
    Removing hal_uid.o(i.GetChipUID), (32 bytes).
    Removing hal_uid.o(.bss), (12 bytes).
    Removing hal_ver.o(.rev16_text), (4 bytes).
    Removing hal_ver.o(.revsh_text), (4 bytes).
    Removing hal_ver.o(i.Get_ChipsetDEVID), (12 bytes).
    Removing hal_ver.o(i.Get_ChipsetREVID), (16 bytes).
    Removing hal_ver.o(i.Get_ChipsetUIDw0), (12 bytes).
    Removing hal_ver.o(i.Get_ChipsetUIDw1), (12 bytes).
    Removing hal_ver.o(i.Get_ChipsetUIDw2), (12 bytes).
    Removing hal_ver.o(i.Get_MM32LibReleaseDate), (8 bytes).
    Removing hal_ver.o(i.Get_MM32LibVersion), (8 bytes).
    Removing hal_wwdg.o(.rev16_text), (4 bytes).
    Removing hal_wwdg.o(.revsh_text), (4 bytes).
    Removing hal_wwdg.o(i.WWDG_ClearFlag), (20 bytes).
    Removing hal_wwdg.o(i.WWDG_DeInit), (12 bytes).
    Removing hal_wwdg.o(i.WWDG_Enable), (16 bytes).
    Removing hal_wwdg.o(i.WWDG_EnableIT), (20 bytes).
    Removing hal_wwdg.o(i.WWDG_GetCounter), (16 bytes).
    Removing hal_wwdg.o(i.WWDG_GetFlagStatus), (20 bytes).
    Removing hal_wwdg.o(i.WWDG_SetCounter), (16 bytes).
    Removing hal_wwdg.o(i.WWDG_SetPrescaler), (24 bytes).
    Removing hal_wwdg.o(i.WWDG_SetWindowValue), (24 bytes).
    Removing event_groups.o(i.prvTestWaitCondition), (34 bytes).
    Removing event_groups.o(i.uxEventGroupGetNumber), (14 bytes).
    Removing event_groups.o(i.vEventGroupClearBitsCallback), (16 bytes).
    Removing event_groups.o(i.vEventGroupDelete), (68 bytes).
    Removing event_groups.o(i.vEventGroupSetBitsCallback), (16 bytes).
    Removing event_groups.o(i.vEventGroupSetNumber), (4 bytes).
    Removing event_groups.o(i.xEventGroupClearBits), (62 bytes).
    Removing event_groups.o(i.xEventGroupCreate), (28 bytes).
    Removing event_groups.o(i.xEventGroupGetBitsFromISR), (24 bytes).
    Removing event_groups.o(i.xEventGroupSetBits), (200 bytes).
    Removing event_groups.o(i.xEventGroupSync), (238 bytes).
    Removing event_groups.o(i.xEventGroupWaitBits), (292 bytes).
    Removing queue.o(i.pcQueueGetName), (44 bytes).
    Removing queue.o(i.prvGetDisinheritPriorityAfterTimeout), (22 bytes).
    Removing queue.o(i.prvInitialiseMutex), (32 bytes).
    Removing queue.o(i.ucQueueGetQueueType), (8 bytes).
    Removing queue.o(i.uxQueueGetQueueNumber), (6 bytes).
    Removing queue.o(i.uxQueueMessagesWaiting), (28 bytes).
    Removing queue.o(i.uxQueueMessagesWaitingFromISR), (18 bytes).
    Removing queue.o(i.uxQueueSpacesAvailable), (34 bytes).
    Removing queue.o(i.vQueueDelete), (30 bytes).
    Removing queue.o(i.vQueueSetQueueNumber), (4 bytes).
    Removing queue.o(i.vQueueUnregisterQueue), (52 bytes).
    Removing queue.o(i.xQueueCreateCountingSemaphore), (68 bytes).
    Removing queue.o(i.xQueueCreateMutex), (30 bytes).
    Removing queue.o(i.xQueueGiveFromISR), (192 bytes).
    Removing queue.o(i.xQueueGiveMutexRecursive), (60 bytes).
    Removing queue.o(i.xQueueIsQueueEmptyFromISR), (28 bytes).
    Removing queue.o(i.xQueueIsQueueFullFromISR), (32 bytes).
    Removing queue.o(i.xQueuePeek), (316 bytes).
    Removing queue.o(i.xQueuePeekFromISR), (108 bytes).
    Removing queue.o(i.xQueueReceiveFromISR), (180 bytes).
    Removing queue.o(i.xQueueSemaphoreTake), (382 bytes).
    Removing queue.o(i.xQueueTakeMutexRecursive), (62 bytes).
    Removing stream_buffer.o(i.prvBytesInBuffer), (24 bytes).
    Removing stream_buffer.o(i.prvInitialiseNewStreamBuffer), (64 bytes).
    Removing stream_buffer.o(i.prvReadBytesFromBuffer), (162 bytes).
    Removing stream_buffer.o(i.prvReadMessageFromBuffer), (72 bytes).
    Removing stream_buffer.o(i.prvWriteBytesToBuffer), (140 bytes).
    Removing stream_buffer.o(i.prvWriteMessageToBuffer), (92 bytes).
    Removing stream_buffer.o(i.ucStreamBufferGetStreamBufferType), (10 bytes).
    Removing stream_buffer.o(i.uxStreamBufferGetStreamBufferNumber), (6 bytes).
    Removing stream_buffer.o(i.vStreamBufferDelete), (44 bytes).
    Removing stream_buffer.o(i.vStreamBufferSetStreamBufferNumber), (4 bytes).
    Removing stream_buffer.o(i.xStreamBufferBytesAvailable), (28 bytes).
    Removing stream_buffer.o(i.xStreamBufferGenericCreate), (120 bytes).
    Removing stream_buffer.o(i.xStreamBufferIsEmpty), (32 bytes).
    Removing stream_buffer.o(i.xStreamBufferIsFull), (52 bytes).
    Removing stream_buffer.o(i.xStreamBufferNextMessageLengthBytes), (92 bytes).
    Removing stream_buffer.o(i.xStreamBufferReceive), (218 bytes).
    Removing stream_buffer.o(i.xStreamBufferReceiveCompletedFromISR), (68 bytes).
    Removing stream_buffer.o(i.xStreamBufferReceiveFromISR), (134 bytes).
    Removing stream_buffer.o(i.xStreamBufferReset), (64 bytes).
    Removing stream_buffer.o(i.xStreamBufferSend), (304 bytes).
    Removing stream_buffer.o(i.xStreamBufferSendCompletedFromISR), (68 bytes).
    Removing stream_buffer.o(i.xStreamBufferSendFromISR), (142 bytes).
    Removing stream_buffer.o(i.xStreamBufferSetTriggerLevel), (38 bytes).
    Removing stream_buffer.o(i.xStreamBufferSpacesAvailable), (40 bytes).
    Removing tasks.o(i.eTaskGetState), (152 bytes).
    Removing tasks.o(i.pcTaskGetName), (36 bytes).
    Removing tasks.o(i.prvListTasksWithinSingleList), (106 bytes).
    Removing tasks.o(i.prvTaskCheckFreeStackSpace), (22 bytes).
    Removing tasks.o(i.prvTaskIsTaskSuspended), (84 bytes).
    Removing tasks.o(i.pvTaskIncrementMutexHeldCount), (32 bytes).
    Removing tasks.o(i.ulTaskGenericNotifyTake), (144 bytes).
    Removing tasks.o(i.ulTaskGenericNotifyValueClear), (68 bytes).
    Removing tasks.o(i.uxTaskGetNumberOfTasks), (12 bytes).
    Removing tasks.o(i.uxTaskGetSystemState), (164 bytes).
    Removing tasks.o(i.uxTaskGetTaskNumber), (16 bytes).
    Removing tasks.o(i.uxTaskPriorityGet), (36 bytes).
    Removing tasks.o(i.uxTaskPriorityGetFromISR), (40 bytes).
    Removing tasks.o(i.uxTaskResetEventItemValue), (28 bytes).
    Removing tasks.o(i.vTaskDelayUntil), (156 bytes).
    Removing tasks.o(i.vTaskDelete), (180 bytes).
    Removing tasks.o(i.vTaskEndScheduler), (20 bytes).
    Removing tasks.o(i.vTaskGenericNotifyGiveFromISR), (224 bytes).
    Removing tasks.o(i.vTaskGetInfo), (132 bytes).
    Removing tasks.o(i.vTaskPlaceOnUnorderedEventList), (84 bytes).
    Removing tasks.o(i.vTaskPriorityDisinheritAfterTimeout), (176 bytes).
    Removing tasks.o(i.vTaskPrioritySet), (228 bytes).
    Removing tasks.o(i.vTaskRemoveFromUnorderedEventList), (136 bytes).
    Removing tasks.o(i.vTaskResume), (116 bytes).
    Removing tasks.o(i.vTaskSetTaskNumber), (10 bytes).
    Removing tasks.o(i.vTaskSetTimeOutState), (44 bytes).
    Removing tasks.o(i.vTaskSuspend), (196 bytes).
    Removing tasks.o(i.xTaskCatchUpTicks), (60 bytes).
    Removing tasks.o(i.xTaskGenericNotify), (308 bytes).
    Removing tasks.o(i.xTaskGenericNotifyFromISR), (360 bytes).
    Removing tasks.o(i.xTaskGenericNotifyStateClear), (80 bytes).
    Removing tasks.o(i.xTaskGenericNotifyWait), (172 bytes).
    Removing tasks.o(i.xTaskGetCurrentTaskHandle), (12 bytes).
    Removing tasks.o(i.xTaskGetTickCountFromISR), (12 bytes).
    Removing tasks.o(i.xTaskPriorityInherit), (164 bytes).
    Removing tasks.o(i.xTaskResumeFromISR), (136 bytes).
    Removing timers.o(i.pcTimerGetName), (18 bytes).
    Removing timers.o(i.prvInitialiseNewTimer), (78 bytes).
    Removing timers.o(i.pvTimerGetTimerID), (30 bytes).
    Removing timers.o(i.uxTimerGetReloadMode), (46 bytes).
    Removing timers.o(i.uxTimerGetTimerNumber), (6 bytes).
    Removing timers.o(i.vTimerSetReloadMode), (58 bytes).
    Removing timers.o(i.vTimerSetTimerID), (30 bytes).
    Removing timers.o(i.vTimerSetTimerNumber), (4 bytes).
    Removing timers.o(i.xTimerCreate), (50 bytes).
    Removing timers.o(i.xTimerGetExpiryTime), (18 bytes).
    Removing timers.o(i.xTimerGetPeriod), (18 bytes).
    Removing timers.o(i.xTimerGetTimerDaemonTaskHandle), (36 bytes).
    Removing timers.o(i.xTimerIsTimerActive), (46 bytes).
    Removing heap_4.o(i.vPortGetHeapStats), (128 bytes).
    Removing heap_4.o(i.vPortInitialiseBlocks), (2 bytes).
    Removing heap_4.o(i.xPortGetFreeHeapSize), (12 bytes).
    Removing heap_4.o(i.xPortGetMinimumEverFreeHeapSize), (12 bytes).
    Removing port.o(i.SVCall_Handler), (2 bytes).
    Removing port.o(i.vPortEndScheduler), (36 bytes).
    Removing dadd.o(.text), (356 bytes).
    Removing dmul.o(.text), (208 bytes).
    Removing ddiv.o(.text), (240 bytes).
    Removing dfixul.o(.text), (64 bytes).
    Removing cdrcmple.o(.text), (40 bytes).
    Removing depilogue.o(.text), (190 bytes).
    Removing depilogue.o(i.__ARM_clz), (46 bytes).

551 unused section(s) (total 22337 bytes) removed from the image.

==============================================================================

Image Symbol Table

    Local Symbols

    Symbol Name                              Value     Ov Type        Size  Object(Section)

    ../clib/microlib/division.c              0x00000000   Number         0  idiv.o ABSOLUTE
    ../clib/microlib/division.c              0x00000000   Number         0  uidiv.o ABSOLUTE
    ../clib/microlib/division.c              0x00000000   Number         0  uldiv.o ABSOLUTE
    ../clib/microlib/init/entry.s            0x00000000   Number         0  entry11a.o ABSOLUTE
    ../clib/microlib/init/entry.s            0x00000000   Number         0  entry7b.o ABSOLUTE
    ../clib/microlib/init/entry.s            0x00000000   Number         0  entry8b.o ABSOLUTE
    ../clib/microlib/init/entry.s            0x00000000   Number         0  entry9a.o ABSOLUTE
    ../clib/microlib/init/entry.s            0x00000000   Number         0  entry9b.o ABSOLUTE
    ../clib/microlib/init/entry.s            0x00000000   Number         0  entry10a.o ABSOLUTE
    ../clib/microlib/init/entry.s            0x00000000   Number         0  entry.o ABSOLUTE
    ../clib/microlib/init/entry.s            0x00000000   Number         0  entry10b.o ABSOLUTE
    ../clib/microlib/init/entry.s            0x00000000   Number         0  entry8a.o ABSOLUTE
    ../clib/microlib/init/entry.s            0x00000000   Number         0  entry11b.o ABSOLUTE
    ../clib/microlib/init/entry.s            0x00000000   Number         0  entry5.o ABSOLUTE
    ../clib/microlib/init/entry.s            0x00000000   Number         0  entry2.o ABSOLUTE
    ../clib/microlib/init/entry.s            0x00000000   Number         0  entry7a.o ABSOLUTE
    ../clib/microlib/longlong.c              0x00000000   Number         0  llshl.o ABSOLUTE
    ../clib/microlib/longlong.c              0x00000000   Number         0  llushr.o ABSOLUTE
    ../clib/microlib/longlong.c              0x00000000   Number         0  llsshr.o ABSOLUTE
    ../clib/microlib/printf/printf.c         0x00000000   Number         0  printf6.o ABSOLUTE
    ../clib/microlib/printf/printf.c         0x00000000   Number         0  printf4.o ABSOLUTE
    ../clib/microlib/printf/printf.c         0x00000000   Number         0  printf1.o ABSOLUTE
    ../clib/microlib/printf/printf.c         0x00000000   Number         0  printfb.o ABSOLUTE
    ../clib/microlib/printf/printf.c         0x00000000   Number         0  printf0.o ABSOLUTE
    ../clib/microlib/printf/printf.c         0x00000000   Number         0  printf2.o ABSOLUTE
    ../clib/microlib/printf/printf.c         0x00000000   Number         0  printf3.o ABSOLUTE
    ../clib/microlib/printf/printf.c         0x00000000   Number         0  printf5.o ABSOLUTE
    ../clib/microlib/printf/printf.c         0x00000000   Number         0  printf8.o ABSOLUTE
    ../clib/microlib/printf/printf.c         0x00000000   Number         0  printfa.o ABSOLUTE
    ../clib/microlib/printf/printf.c         0x00000000   Number         0  printf7.o ABSOLUTE
    ../clib/microlib/stdio/streams.c         0x00000000   Number         0  stdout.o ABSOLUTE
    ../clib/microlib/string/memcpy.c         0x00000000   Number         0  memcpyb.o ABSOLUTE
    ../clib/microlib/string/memcpy.c         0x00000000   Number         0  memcpya.o ABSOLUTE
    ../clib/microlib/string/memset.c         0x00000000   Number         0  memset.o ABSOLUTE
    ../clib/microlib/string/memset.c         0x00000000   Number         0  memseta.o ABSOLUTE
    ../clib/microlib/stubs.s                 0x00000000   Number         0  iusefp.o ABSOLUTE
    ../fplib/microlib/fpadd.c                0x00000000   Number         0  dadd.o ABSOLUTE
    ../fplib/microlib/fpdiv.c                0x00000000   Number         0  ddiv.o ABSOLUTE
    ../fplib/microlib/fpepilogue.c           0x00000000   Number         0  depilogue.o ABSOLUTE
    ../fplib/microlib/fpfix.c                0x00000000   Number         0  dfixul.o ABSOLUTE
    ../fplib/microlib/fpmul.c                0x00000000   Number         0  dmul.o ABSOLUTE
    ..\..\..\..\3_Device\MM32F032xx_s\HAL_lib\src\HAL_adc.c 0x00000000   Number         0  hal_adc.o ABSOLUTE
    ..\..\..\..\3_Device\MM32F032xx_s\HAL_lib\src\HAL_bkp.c 0x00000000   Number         0  hal_bkp.o ABSOLUTE
    ..\..\..\..\3_Device\MM32F032xx_s\HAL_lib\src\HAL_crc.c 0x00000000   Number         0  hal_crc.o ABSOLUTE
    ..\..\..\..\3_Device\MM32F032xx_s\HAL_lib\src\HAL_dbg.c 0x00000000   Number         0  hal_dbg.o ABSOLUTE
    ..\..\..\..\3_Device\MM32F032xx_s\HAL_lib\src\HAL_dma.c 0x00000000   Number         0  hal_dma.o ABSOLUTE
    ..\..\..\..\3_Device\MM32F032xx_s\HAL_lib\src\HAL_exti.c 0x00000000   Number         0  hal_exti.o ABSOLUTE
    ..\..\..\..\3_Device\MM32F032xx_s\HAL_lib\src\HAL_flash.c 0x00000000   Number         0  hal_flash.o ABSOLUTE
    ..\..\..\..\3_Device\MM32F032xx_s\HAL_lib\src\HAL_gpio.c 0x00000000   Number         0  hal_gpio.o ABSOLUTE
    ..\..\..\..\3_Device\MM32F032xx_s\HAL_lib\src\HAL_i2c.c 0x00000000   Number         0  hal_i2c.o ABSOLUTE
    ..\..\..\..\3_Device\MM32F032xx_s\HAL_lib\src\HAL_iwdg.c 0x00000000   Number         0  hal_iwdg.o ABSOLUTE
    ..\..\..\..\3_Device\MM32F032xx_s\HAL_lib\src\HAL_misc.c 0x00000000   Number         0  hal_misc.o ABSOLUTE
    ..\..\..\..\3_Device\MM32F032xx_s\HAL_lib\src\HAL_pwr.c 0x00000000   Number         0  hal_pwr.o ABSOLUTE
    ..\..\..\..\3_Device\MM32F032xx_s\HAL_lib\src\HAL_rcc.c 0x00000000   Number         0  hal_rcc.o ABSOLUTE
    ..\..\..\..\3_Device\MM32F032xx_s\HAL_lib\src\HAL_rtc.c 0x00000000   Number         0  hal_rtc.o ABSOLUTE
    ..\..\..\..\3_Device\MM32F032xx_s\HAL_lib\src\HAL_spi.c 0x00000000   Number         0  hal_spi.o ABSOLUTE
    ..\..\..\..\3_Device\MM32F032xx_s\HAL_lib\src\HAL_tim.c 0x00000000   Number         0  hal_tim.o ABSOLUTE
    ..\..\..\..\3_Device\MM32F032xx_s\HAL_lib\src\HAL_uart.c 0x00000000   Number         0  hal_uart.o ABSOLUTE
    ..\..\..\..\3_Device\MM32F032xx_s\HAL_lib\src\HAL_uid.c 0x00000000   Number         0  hal_uid.o ABSOLUTE
    ..\..\..\..\3_Device\MM32F032xx_s\HAL_lib\src\HAL_ver.c 0x00000000   Number         0  hal_ver.o ABSOLUTE
    ..\..\..\..\3_Device\MM32F032xx_s\HAL_lib\src\HAL_wwdg.c 0x00000000   Number         0  hal_wwdg.o ABSOLUTE
    ..\..\..\..\3_Device\MM32F032xx_s\Source\KEIL_StartAsm\startup_MM32F032xx_s_KEIL.s 0x00000000   Number         0  startup_mm32f032xx_s_keil.o ABSOLUTE
    ..\..\..\..\3_Device\MM32F032xx_s\Source\system_MM32F032xx_s.c 0x00000000   Number         0  system_mm32f032xx_s.o ABSOLUTE
    ..\APP\main.c                            0x00000000   Number         0  main.o ABSOLUTE
    ..\BSP\bsp_led.c                         0x00000000   Number         0  bsp_led.o ABSOLUTE
    ..\FreeRTOS\port\MemMang\heap_4.c        0x00000000   Number         0  heap_4.o ABSOLUTE
    ..\FreeRTOS\port\RVDS\ARM_CM0\port.c     0x00000000   Number         0  port.o ABSOLUTE
    ..\FreeRTOS\src\croutine.c               0x00000000   Number         0  croutine.o ABSOLUTE
    ..\FreeRTOS\src\event_groups.c           0x00000000   Number         0  event_groups.o ABSOLUTE
    ..\FreeRTOS\src\list.c                   0x00000000   Number         0  list.o ABSOLUTE
    ..\FreeRTOS\src\queue.c                  0x00000000   Number         0  queue.o ABSOLUTE
    ..\FreeRTOS\src\stream_buffer.c          0x00000000   Number         0  stream_buffer.o ABSOLUTE
    ..\FreeRTOS\src\tasks.c                  0x00000000   Number         0  tasks.o ABSOLUTE
    ..\FreeRTOS\src\timers.c                 0x00000000   Number         0  timers.o ABSOLUTE
    ..\Peripheral\systick.c                  0x00000000   Number         0  systick.o ABSOLUTE
    ..\Peripheral\uart.c                     0x00000000   Number         0  uart.o ABSOLUTE
    ..\\..\\..\\..\\3_Device\\MM32F032xx_s\\HAL_lib\\src\\HAL_adc.c 0x00000000   Number         0  hal_adc.o ABSOLUTE
    ..\\..\\..\\..\\3_Device\\MM32F032xx_s\\HAL_lib\\src\\HAL_bkp.c 0x00000000   Number         0  hal_bkp.o ABSOLUTE
    ..\\..\\..\\..\\3_Device\\MM32F032xx_s\\HAL_lib\\src\\HAL_crc.c 0x00000000   Number         0  hal_crc.o ABSOLUTE
    ..\\..\\..\\..\\3_Device\\MM32F032xx_s\\HAL_lib\\src\\HAL_dbg.c 0x00000000   Number         0  hal_dbg.o ABSOLUTE
    ..\\..\\..\\..\\3_Device\\MM32F032xx_s\\HAL_lib\\src\\HAL_dma.c 0x00000000   Number         0  hal_dma.o ABSOLUTE
    ..\\..\\..\\..\\3_Device\\MM32F032xx_s\\HAL_lib\\src\\HAL_exti.c 0x00000000   Number         0  hal_exti.o ABSOLUTE
    ..\\..\\..\\..\\3_Device\\MM32F032xx_s\\HAL_lib\\src\\HAL_flash.c 0x00000000   Number         0  hal_flash.o ABSOLUTE
    ..\\..\\..\\..\\3_Device\\MM32F032xx_s\\HAL_lib\\src\\HAL_gpio.c 0x00000000   Number         0  hal_gpio.o ABSOLUTE
    ..\\..\\..\\..\\3_Device\\MM32F032xx_s\\HAL_lib\\src\\HAL_i2c.c 0x00000000   Number         0  hal_i2c.o ABSOLUTE
    ..\\..\\..\\..\\3_Device\\MM32F032xx_s\\HAL_lib\\src\\HAL_iwdg.c 0x00000000   Number         0  hal_iwdg.o ABSOLUTE
    ..\\..\\..\\..\\3_Device\\MM32F032xx_s\\HAL_lib\\src\\HAL_misc.c 0x00000000   Number         0  hal_misc.o ABSOLUTE
    ..\\..\\..\\..\\3_Device\\MM32F032xx_s\\HAL_lib\\src\\HAL_pwr.c 0x00000000   Number         0  hal_pwr.o ABSOLUTE
    ..\\..\\..\\..\\3_Device\\MM32F032xx_s\\HAL_lib\\src\\HAL_rcc.c 0x00000000   Number         0  hal_rcc.o ABSOLUTE
    ..\\..\\..\\..\\3_Device\\MM32F032xx_s\\HAL_lib\\src\\HAL_rtc.c 0x00000000   Number         0  hal_rtc.o ABSOLUTE
    ..\\..\\..\\..\\3_Device\\MM32F032xx_s\\HAL_lib\\src\\HAL_spi.c 0x00000000   Number         0  hal_spi.o ABSOLUTE
    ..\\..\\..\\..\\3_Device\\MM32F032xx_s\\HAL_lib\\src\\HAL_tim.c 0x00000000   Number         0  hal_tim.o ABSOLUTE
    ..\\..\\..\\..\\3_Device\\MM32F032xx_s\\HAL_lib\\src\\HAL_uart.c 0x00000000   Number         0  hal_uart.o ABSOLUTE
    ..\\..\\..\\..\\3_Device\\MM32F032xx_s\\HAL_lib\\src\\HAL_uid.c 0x00000000   Number         0  hal_uid.o ABSOLUTE
    ..\\..\\..\\..\\3_Device\\MM32F032xx_s\\HAL_lib\\src\\HAL_ver.c 0x00000000   Number         0  hal_ver.o ABSOLUTE
    ..\\..\\..\\..\\3_Device\\MM32F032xx_s\\HAL_lib\\src\\HAL_wwdg.c 0x00000000   Number         0  hal_wwdg.o ABSOLUTE
    ..\\..\\..\\..\\3_Device\\MM32F032xx_s\\Source\\system_MM32F032xx_s.c 0x00000000   Number         0  system_mm32f032xx_s.o ABSOLUTE
    ..\\APP\\main.c                          0x00000000   Number         0  main.o ABSOLUTE
    ..\\BSP\\bsp_led.c                       0x00000000   Number         0  bsp_led.o ABSOLUTE
    ..\\FreeRTOS\\port\\RVDS\\ARM_CM0\\port.c 0x00000000   Number         0  port.o ABSOLUTE
    ..\\Peripheral\\systick.c                0x00000000   Number         0  systick.o ABSOLUTE
    ..\\Peripheral\\uart.c                   0x00000000   Number         0  uart.o ABSOLUTE
    cdrcmple.s                               0x00000000   Number         0  cdrcmple.o ABSOLUTE
    dc.s                                     0x00000000   Number         0  dc.o ABSOLUTE
    handlers.s                               0x00000000   Number         0  handlers.o ABSOLUTE
    init.s                                   0x00000000   Number         0  init.o ABSOLUTE
    RESET                                    0x08000000   Section      192  startup_mm32f032xx_s_keil.o(RESET)
    .ARM.Collect$$$$00000000                 0x080000c0   Section        0  entry.o(.ARM.Collect$$$$00000000)
    .ARM.Collect$$$$00000001                 0x080000c0   Section        4  entry2.o(.ARM.Collect$$$$00000001)
    .ARM.Collect$$$$00000004                 0x080000c4   Section        4  entry5.o(.ARM.Collect$$$$00000004)
    .ARM.Collect$$$$00000008                 0x080000c8   Section        0  entry7b.o(.ARM.Collect$$$$00000008)
    .ARM.Collect$$$$0000000A                 0x080000c8   Section        0  entry8b.o(.ARM.Collect$$$$0000000A)
    .ARM.Collect$$$$0000000B                 0x080000c8   Section        8  entry9a.o(.ARM.Collect$$$$0000000B)
    .ARM.Collect$$$$0000000D                 0x080000d0   Section        0  entry10a.o(.ARM.Collect$$$$0000000D)
    .ARM.Collect$$$$0000000F                 0x080000d0   Section        0  entry11a.o(.ARM.Collect$$$$0000000F)
    .ARM.Collect$$$$00002712                 0x080000d0   Section        4  entry2.o(.ARM.Collect$$$$00002712)
    __lit__00000000                          0x080000d0   Data           4  entry2.o(.ARM.Collect$$$$00002712)
    .emb_text                                0x080000d4   Section      120  port.o(.emb_text)
    .text                                    0x0800014c   Section       88  startup_mm32f032xx_s_keil.o(.text)
    .text                                    0x080001a4   Section        0  uidiv.o(.text)
    .text                                    0x080001d0   Section        0  memcpya.o(.text)
    .text                                    0x080001f4   Section        0  memseta.o(.text)
    .text                                    0x08000218   Section       36  init.o(.text)
    i.AppTaskCreate                          0x0800023c   Section        0  main.o(i.AppTaskCreate)
    i.AutoCalPllFactor                       0x080002c0   Section        0  system_mm32f032xx_s.o(i.AutoCalPllFactor)
    i.BSP_LED_Init                           0x0800032c   Section        0  bsp_led.o(i.BSP_LED_Init)
    i.GPIO_Init                              0x08000390   Section        0  hal_gpio.o(i.GPIO_Init)
    i.GPIO_PinAFConfig                       0x0800042a   Section        0  hal_gpio.o(i.GPIO_PinAFConfig)
    i.GPIO_ReadOutputDataBit                 0x08000452   Section        0  hal_gpio.o(i.GPIO_ReadOutputDataBit)
    i.GPIO_ResetBits                         0x08000464   Section        0  hal_gpio.o(i.GPIO_ResetBits)
    i.GPIO_StructInit                        0x08000468   Section        0  hal_gpio.o(i.GPIO_StructInit)
    i.GPIO_WriteBit                          0x08000478   Section        0  hal_gpio.o(i.GPIO_WriteBit)
    i.NVIC_SetPriority                       0x08000484   Section        0  systick.o(i.NVIC_SetPriority)
    NVIC_SetPriority                         0x08000485   Thumb Code   110  systick.o(i.NVIC_SetPriority)
    i.RCC_AHBPeriphClockCmd                  0x080004fc   Section        0  hal_rcc.o(i.RCC_AHBPeriphClockCmd)
    i.RCC_APB1PeriphClockCmd                 0x0800051c   Section        0  hal_rcc.o(i.RCC_APB1PeriphClockCmd)
    i.RCC_APB2PeriphClockCmd                 0x0800053c   Section        0  hal_rcc.o(i.RCC_APB2PeriphClockCmd)
    i.RCC_GetHCLKFreq                        0x0800055c   Section        0  hal_rcc.o(i.RCC_GetHCLKFreq)
    i.RCC_GetPCLK1Freq                       0x0800057c   Section        0  hal_rcc.o(i.RCC_GetPCLK1Freq)
    i.RCC_GetPCLK2Freq                       0x080005a0   Section        0  hal_rcc.o(i.RCC_GetPCLK2Freq)
    i.RCC_GetSysClockFreq                    0x080005c4   Section        0  hal_rcc.o(i.RCC_GetSysClockFreq)
    i.SetSysClock                            0x0800063c   Section        0  system_mm32f032xx_s.o(i.SetSysClock)
    SetSysClock                              0x0800063d   Thumb Code     8  system_mm32f032xx_s.o(i.SetSysClock)
    i.SetSysClockTo48_HSI                    0x08000644   Section        0  system_mm32f032xx_s.o(i.SetSysClockTo48_HSI)
    SetSysClockTo48_HSI                      0x08000645   Thumb Code   348  system_mm32f032xx_s.o(i.SetSysClockTo48_HSI)
    i.SysTick_Handler                        0x080007c0   Section        0  port.o(i.SysTick_Handler)
    i.SysTick_Init                           0x080007e4   Section        0  systick.o(i.SysTick_Init)
    i.SystemInit                             0x08000838   Section        0  system_mm32f032xx_s.o(i.SystemInit)
    i.UART_Cmd                               0x080008a4   Section        0  hal_uart.o(i.UART_Cmd)
    i.UART_GetFlagStatus                     0x080008b0   Section        0  hal_uart.o(i.UART_GetFlagStatus)
    i.UART_Init                              0x080008c4   Section        0  hal_uart.o(i.UART_Init)
    i.UART_SendData                          0x0800093c   Section        0  hal_uart.o(i.UART_SendData)
    i.UART_StructInit                        0x08000942   Section        0  hal_uart.o(i.UART_StructInit)
    i.UARTx_Configure                        0x0800095c   Section        0  uart.o(i.UARTx_Configure)
    i.__0printf$bare                         0x08000a98   Section        0  printfb.o(i.__0printf$bare)
    i.__ARM_common_switch8                   0x08000aac   Section        0  tasks.o(i.__ARM_common_switch8)
    i.__scatterload_copy                     0x08000ac8   Section       14  handlers.o(i.__scatterload_copy)
    i.__scatterload_null                     0x08000ad6   Section        2  handlers.o(i.__scatterload_null)
    i.__scatterload_zeroinit                 0x08000ad8   Section       14  handlers.o(i.__scatterload_zeroinit)
    i._printf_core                           0x08000ae6   Section        0  printfb.o(i._printf_core)
    _printf_core                             0x08000ae7   Thumb Code    30  printfb.o(i._printf_core)
    i.fputc                                  0x08000b04   Section        0  uart.o(i.fputc)
    i.main                                   0x08000b28   Section        0  main.o(i.main)
    i.prvAddCurrentTaskToDelayedList         0x08000b6c   Section        0  tasks.o(i.prvAddCurrentTaskToDelayedList)
    prvAddCurrentTaskToDelayedList           0x08000b6d   Thumb Code   100  tasks.o(i.prvAddCurrentTaskToDelayedList)
    i.prvAddNewTaskToReadyList               0x08000be8   Section        0  tasks.o(i.prvAddNewTaskToReadyList)
    prvAddNewTaskToReadyList                 0x08000be9   Thumb Code   146  tasks.o(i.prvAddNewTaskToReadyList)
    i.prvCheckForValidListAndQueue           0x08000c94   Section        0  timers.o(i.prvCheckForValidListAndQueue)
    prvCheckForValidListAndQueue             0x08000c95   Thumb Code    76  timers.o(i.prvCheckForValidListAndQueue)
    i.prvCheckTasksWaitingTermination        0x08000cfc   Section        0  tasks.o(i.prvCheckTasksWaitingTermination)
    prvCheckTasksWaitingTermination          0x08000cfd   Thumb Code    60  tasks.o(i.prvCheckTasksWaitingTermination)
    i.prvCopyDataFromQueue                   0x08000d44   Section        0  queue.o(i.prvCopyDataFromQueue)
    prvCopyDataFromQueue                     0x08000d45   Thumb Code    44  queue.o(i.prvCopyDataFromQueue)
    i.prvCopyDataToQueue                     0x08000d70   Section        0  queue.o(i.prvCopyDataToQueue)
    prvCopyDataToQueue                       0x08000d71   Thumb Code   128  queue.o(i.prvCopyDataToQueue)
    i.prvDeleteTCB                           0x08000df0   Section        0  tasks.o(i.prvDeleteTCB)
    prvDeleteTCB                             0x08000df1   Thumb Code    18  tasks.o(i.prvDeleteTCB)
    i.prvGetNextExpireTime                   0x08000e04   Section        0  timers.o(i.prvGetNextExpireTime)
    prvGetNextExpireTime                     0x08000e05   Thumb Code    40  timers.o(i.prvGetNextExpireTime)
    i.prvHeapInit                            0x08000e30   Section        0  heap_4.o(i.prvHeapInit)
    prvHeapInit                              0x08000e31   Thumb Code    98  heap_4.o(i.prvHeapInit)
    i.prvIdleTask                            0x08000eb0   Section        0  tasks.o(i.prvIdleTask)
    prvIdleTask                              0x08000eb1   Thumb Code    20  tasks.o(i.prvIdleTask)
    i.prvInitialiseNewQueue                  0x08000ec8   Section        0  queue.o(i.prvInitialiseNewQueue)
    prvInitialiseNewQueue                    0x08000ec9   Thumb Code    44  queue.o(i.prvInitialiseNewQueue)
    i.prvInitialiseNewTask                   0x08000ef4   Section        0  tasks.o(i.prvInitialiseNewTask)
    prvInitialiseNewTask                     0x08000ef5   Thumb Code   186  tasks.o(i.prvInitialiseNewTask)
    i.prvInitialiseTaskLists                 0x08000fb0   Section        0  tasks.o(i.prvInitialiseTaskLists)
    prvInitialiseTaskLists                   0x08000fb1   Thumb Code    68  tasks.o(i.prvInitialiseTaskLists)
    i.prvInsertBlockIntoFreeList             0x08001014   Section        0  heap_4.o(i.prvInsertBlockIntoFreeList)
    prvInsertBlockIntoFreeList               0x08001015   Thumb Code    96  heap_4.o(i.prvInsertBlockIntoFreeList)
    i.prvInsertTimerInActiveList             0x0800107c   Section        0  timers.o(i.prvInsertTimerInActiveList)
    prvInsertTimerInActiveList               0x0800107d   Thumb Code    76  timers.o(i.prvInsertTimerInActiveList)
    i.prvIsQueueEmpty                        0x080010d0   Section        0  queue.o(i.prvIsQueueEmpty)
    prvIsQueueEmpty                          0x080010d1   Thumb Code    28  queue.o(i.prvIsQueueEmpty)
    i.prvIsQueueFull                         0x080010ec   Section        0  queue.o(i.prvIsQueueFull)
    prvIsQueueFull                           0x080010ed   Thumb Code    30  queue.o(i.prvIsQueueFull)
    i.prvProcessExpiredTimer                 0x0800110c   Section        0  timers.o(i.prvProcessExpiredTimer)
    prvProcessExpiredTimer                   0x0800110d   Thumb Code   100  timers.o(i.prvProcessExpiredTimer)
    i.prvProcessReceivedCommands             0x08001174   Section        0  timers.o(i.prvProcessReceivedCommands)
    prvProcessReceivedCommands               0x08001175   Thumb Code   290  timers.o(i.prvProcessReceivedCommands)
    i.prvProcessTimerOrBlockTask             0x0800129c   Section        0  timers.o(i.prvProcessTimerOrBlockTask)
    prvProcessTimerOrBlockTask               0x0800129d   Thumb Code   100  timers.o(i.prvProcessTimerOrBlockTask)
    i.prvResetNextTaskUnblockTime            0x08001308   Section        0  tasks.o(i.prvResetNextTaskUnblockTime)
    prvResetNextTaskUnblockTime              0x08001309   Thumb Code    44  tasks.o(i.prvResetNextTaskUnblockTime)
    i.prvSampleTimeNow                       0x0800133c   Section        0  timers.o(i.prvSampleTimeNow)
    prvSampleTimeNow                         0x0800133d   Thumb Code    40  timers.o(i.prvSampleTimeNow)
    i.prvSwitchTimerLists                    0x08001368   Section        0  timers.o(i.prvSwitchTimerLists)
    prvSwitchTimerLists                      0x08001369   Thumb Code   140  timers.o(i.prvSwitchTimerLists)
    i.prvTaskExitError                       0x080013fc   Section        0  port.o(i.prvTaskExitError)
    prvTaskExitError                         0x080013fd   Thumb Code    32  port.o(i.prvTaskExitError)
    i.prvTimerTask                           0x08001420   Section        0  timers.o(i.prvTimerTask)
    prvTimerTask                             0x08001421   Thumb Code    26  timers.o(i.prvTimerTask)
    i.prvUnlockQueue                         0x0800143a   Section        0  queue.o(i.prvUnlockQueue)
    prvUnlockQueue                           0x0800143b   Thumb Code   142  queue.o(i.prvUnlockQueue)
    i.pvPortMalloc                           0x080014c8   Section        0  heap_4.o(i.pvPortMalloc)
    i.pxPortInitialiseStack                  0x080015f4   Section        0  port.o(i.pxPortInitialiseStack)
    i.uxListRemove                           0x08001614   Section        0  list.o(i.uxListRemove)
    i.vAppTask1                              0x0800163c   Section        0  main.o(i.vAppTask1)
    i.vAppTask2                              0x08001674   Section        0  main.o(i.vAppTask2)
    i.vAppTask3                              0x080016a4   Section        0  main.o(i.vAppTask3)
    i.vAppTask4                              0x080016d4   Section        0  main.o(i.vAppTask4)
    i.vListInitialise                        0x08001704   Section        0  list.o(i.vListInitialise)
    i.vListInitialiseItem                    0x0800171e   Section        0  list.o(i.vListInitialiseItem)
    i.vListInsert                            0x08001724   Section        0  list.o(i.vListInsert)
    i.vListInsertEnd                         0x0800175a   Section        0  list.o(i.vListInsertEnd)
    i.vPortEnterCritical                     0x08001774   Section        0  port.o(i.vPortEnterCritical)
    i.vPortExitCritical                      0x08001790   Section        0  port.o(i.vPortExitCritical)
    i.vPortFree                              0x080017b8   Section        0  heap_4.o(i.vPortFree)
    i.vPortSetupTimerInterrupt               0x08001848   Section        0  port.o(i.vPortSetupTimerInterrupt)
    i.vPortYield                             0x08001874   Section        0  port.o(i.vPortYield)
    i.vQueueAddToRegistry                    0x0800188c   Section        0  queue.o(i.vQueueAddToRegistry)
    i.vQueueWaitForMessageRestricted         0x080018b8   Section        0  queue.o(i.vQueueWaitForMessageRestricted)
    i.vTaskDelay                             0x08001904   Section        0  tasks.o(i.vTaskDelay)
    i.vTaskInternalSetTimeOutState           0x08001948   Section        0  tasks.o(i.vTaskInternalSetTimeOutState)
    i.vTaskMissedYield                       0x08001960   Section        0  tasks.o(i.vTaskMissedYield)
    i.vTaskPlaceOnEventList                  0x0800196c   Section        0  tasks.o(i.vTaskPlaceOnEventList)
    i.vTaskPlaceOnEventListRestricted        0x08001998   Section        0  tasks.o(i.vTaskPlaceOnEventListRestricted)
    i.vTaskStartScheduler                    0x080019cc   Section        0  tasks.o(i.vTaskStartScheduler)
    i.vTaskSuspendAll                        0x08001a44   Section        0  tasks.o(i.vTaskSuspendAll)
    i.vTaskSwitchContext                     0x08001a54   Section        0  tasks.o(i.vTaskSwitchContext)
    i.xPortStartScheduler                    0x08001ad4   Section        0  port.o(i.xPortStartScheduler)
    i.xQueueGenericCreate                    0x08001b0c   Section        0  queue.o(i.xQueueGenericCreate)
    i.xQueueGenericReset                     0x08001b78   Section        0  queue.o(i.xQueueGenericReset)
    i.xQueueGenericSend                      0x08001bfa   Section        0  queue.o(i.xQueueGenericSend)
    i.xQueueGenericSendFromISR               0x08001d54   Section        0  queue.o(i.xQueueGenericSendFromISR)
    i.xQueueReceive                          0x08001e1e   Section        0  queue.o(i.xQueueReceive)
    i.xTaskCheckForTimeOut                   0x08001f58   Section        0  tasks.o(i.xTaskCheckForTimeOut)
    i.xTaskCreate                            0x08001fd0   Section        0  tasks.o(i.xTaskCreate)
    i.xTaskGetSchedulerState                 0x0800202c   Section        0  tasks.o(i.xTaskGetSchedulerState)
    i.xTaskGetTickCount                      0x08002050   Section        0  tasks.o(i.xTaskGetTickCount)
    i.xTaskIncrementTick                     0x0800205c   Section        0  tasks.o(i.xTaskIncrementTick)
    i.xTaskPriorityDisinherit                0x08002198   Section        0  tasks.o(i.xTaskPriorityDisinherit)
    i.xTaskRemoveFromEventList               0x08002220   Section        0  tasks.o(i.xTaskRemoveFromEventList)
    i.xTaskResumeAll                         0x080022a8   Section        0  tasks.o(i.xTaskResumeAll)
    i.xTimerCreateTimerTask                  0x08002398   Section        0  timers.o(i.xTimerCreateTimerTask)
    i.xTimerGenericCommand                   0x080023e0   Section        0  timers.o(i.xTimerGenericCommand)
    .data                                    0x20000000   Section       20  system_mm32f032xx_s.o(.data)
    .data                                    0x20000014   Section       16  hal_rcc.o(.data)
    .data                                    0x20000024   Section       60  tasks.o(.data)
    pxDelayedTaskList                        0x20000028   Data           4  tasks.o(.data)
    pxOverflowDelayedTaskList                0x2000002c   Data           4  tasks.o(.data)
    uxDeletedTasksWaitingCleanUp             0x20000030   Data           4  tasks.o(.data)
    uxCurrentNumberOfTasks                   0x20000034   Data           4  tasks.o(.data)
    xTickCount                               0x20000038   Data           4  tasks.o(.data)
    uxTopReadyPriority                       0x2000003c   Data           4  tasks.o(.data)
    xSchedulerRunning                        0x20000040   Data           4  tasks.o(.data)
    xPendedTicks                             0x20000044   Data           4  tasks.o(.data)
    xYieldPending                            0x20000048   Data           4  tasks.o(.data)
    xNumOfOverflows                          0x2000004c   Data           4  tasks.o(.data)
    uxTaskNumber                             0x20000050   Data           4  tasks.o(.data)
    xNextTaskUnblockTime                     0x20000054   Data           4  tasks.o(.data)
    xIdleTaskHandle                          0x20000058   Data           4  tasks.o(.data)
    uxSchedulerSuspended                     0x2000005c   Data           4  tasks.o(.data)
    .data                                    0x20000060   Section       20  timers.o(.data)
    pxCurrentTimerList                       0x20000060   Data           4  timers.o(.data)
    pxOverflowTimerList                      0x20000064   Data           4  timers.o(.data)
    xTimerQueue                              0x20000068   Data           4  timers.o(.data)
    xTimerTaskHandle                         0x2000006c   Data           4  timers.o(.data)
    xLastTime                                0x20000070   Data           4  timers.o(.data)
    .data                                    0x20000074   Section       32  heap_4.o(.data)
    xStart                                   0x20000074   Data           8  heap_4.o(.data)
    pxEnd                                    0x2000007c   Data           4  heap_4.o(.data)
    xFreeBytesRemaining                      0x20000080   Data           4  heap_4.o(.data)
    xMinimumEverFreeBytesRemaining           0x20000084   Data           4  heap_4.o(.data)
    xNumberOfSuccessfulAllocations           0x20000088   Data           4  heap_4.o(.data)
    xNumberOfSuccessfulFrees                 0x2000008c   Data           4  heap_4.o(.data)
    xBlockAllocatedBit                       0x20000090   Data           4  heap_4.o(.data)
    .data                                    0x20000094   Section        4  port.o(.data)
    uxCriticalNesting                        0x20000094   Data           4  port.o(.data)
    .data                                    0x20000098   Section        4  stdout.o(.data)
    .bss                                     0x2000009c   Section       64  queue.o(.bss)
    .bss                                     0x200000dc   Section      200  tasks.o(.bss)
    pxReadyTasksLists                        0x200000dc   Data         100  tasks.o(.bss)
    xDelayedTaskList1                        0x20000140   Data          20  tasks.o(.bss)
    xDelayedTaskList2                        0x20000154   Data          20  tasks.o(.bss)
    xPendingReadyList                        0x20000168   Data          20  tasks.o(.bss)
    xTasksWaitingTermination                 0x2000017c   Data          20  tasks.o(.bss)
    xSuspendedTaskList                       0x20000190   Data          20  tasks.o(.bss)
    .bss                                     0x200001a4   Section       40  timers.o(.bss)
    xActiveTimerList1                        0x200001a4   Data          20  timers.o(.bss)
    xActiveTimerList2                        0x200001b8   Data          20  timers.o(.bss)
    .bss                                     0x200001cc   Section     6500  heap_4.o(.bss)
    ucHeap                                   0x200001cc   Data        6500  heap_4.o(.bss)
    STACK                                    0x20001b30   Section     1024  startup_mm32f032xx_s_keil.o(STACK)

    Global Symbols

    Symbol Name                              Value     Ov Type        Size  Object(Section)

    BuildAttributes$$THM_ISAv3M$S$PE$A:L22$X:L11$S22$IEEE1$IW$USESV6$~STKCKD$USESV7$~SHL$OSPACE$ROPI$EBA8$MICROLIB$REQ8$PRES8$EABIv2 0x00000000   Number         0  anon$$obj.o ABSOLUTE
    __ARM_use_no_argv                        0x00000000   Number         0  main.o ABSOLUTE
    __cpp_initialize__aeabi_                  - Undefined Weak Reference
    __cxa_finalize                            - Undefined Weak Reference
    __decompress                              - Undefined Weak Reference
    _clock_init                               - Undefined Weak Reference
    _microlib_exit                            - Undefined Weak Reference
    __Vectors_Size                           0x000000c0   Number         0  startup_mm32f032xx_s_keil.o ABSOLUTE
    __Vectors                                0x08000000   Data           4  startup_mm32f032xx_s_keil.o(RESET)
    __Vectors_End                            0x080000c0   Data           0  startup_mm32f032xx_s_keil.o(RESET)
    __main                                   0x080000c1   Thumb Code     0  entry.o(.ARM.Collect$$$$00000000)
    _main_stk                                0x080000c1   Thumb Code     0  entry2.o(.ARM.Collect$$$$00000001)
    _main_scatterload                        0x080000c5   Thumb Code     0  entry5.o(.ARM.Collect$$$$00000004)
    __main_after_scatterload                 0x080000c9   Thumb Code     0  entry5.o(.ARM.Collect$$$$00000004)
    _main_clock                              0x080000c9   Thumb Code     0  entry7b.o(.ARM.Collect$$$$00000008)
    _main_cpp_init                           0x080000c9   Thumb Code     0  entry8b.o(.ARM.Collect$$$$0000000A)
    _main_init                               0x080000c9   Thumb Code     0  entry9a.o(.ARM.Collect$$$$0000000B)
    __rt_final_cpp                           0x080000d1   Thumb Code     0  entry10a.o(.ARM.Collect$$$$0000000D)
    __rt_final_exit                          0x080000d1   Thumb Code     0  entry11a.o(.ARM.Collect$$$$0000000F)
    __asm___6_port_c_39a90d8d__prvPortStartFirstTask 0x080000d5   Thumb Code    36  port.o(.emb_text)
    ulSetInterruptMaskFromISR                0x080000fd   Thumb Code     8  port.o(.emb_text)
    vClearInterruptMaskFromISR               0x08000105   Thumb Code     6  port.o(.emb_text)
    PendSV_Handler                           0x0800010b   Thumb Code    62  port.o(.emb_text)
    Reset_Handler                            0x0800014d   Thumb Code    38  startup_mm32f032xx_s_keil.o(.text)
    NMI_Handler                              0x08000173   Thumb Code     2  startup_mm32f032xx_s_keil.o(.text)
    HardFault_Handler                        0x08000175   Thumb Code     2  startup_mm32f032xx_s_keil.o(.text)
    SVC_Handler                              0x08000177   Thumb Code     2  startup_mm32f032xx_s_keil.o(.text)
    ADC1_COMP_IRQHandler                     0x0800017d   Thumb Code     0  startup_mm32f032xx_s_keil.o(.text)
    CAN_IRQHandler                           0x0800017d   Thumb Code     0  startup_mm32f032xx_s_keil.o(.text)
    DMA1_Channel1_IRQHandler                 0x0800017d   Thumb Code     0  startup_mm32f032xx_s_keil.o(.text)
    DMA1_Channel2_3_IRQHandler               0x0800017d   Thumb Code     0  startup_mm32f032xx_s_keil.o(.text)
    DMA1_Channel4_5_IRQHandler               0x0800017d   Thumb Code     0  startup_mm32f032xx_s_keil.o(.text)
    EXTI0_1_IRQHandler                       0x0800017d   Thumb Code     0  startup_mm32f032xx_s_keil.o(.text)
    EXTI2_3_IRQHandler                       0x0800017d   Thumb Code     0  startup_mm32f032xx_s_keil.o(.text)
    EXTI4_15_IRQHandler                      0x0800017d   Thumb Code     0  startup_mm32f032xx_s_keil.o(.text)
    FLASH_IRQHandler                         0x0800017d   Thumb Code     0  startup_mm32f032xx_s_keil.o(.text)
    I2C1_IRQHandler                          0x0800017d   Thumb Code     0  startup_mm32f032xx_s_keil.o(.text)
    PVD_IRQHandler                           0x0800017d   Thumb Code     0  startup_mm32f032xx_s_keil.o(.text)
    RCC_CRS_IRQHandler                       0x0800017d   Thumb Code     0  startup_mm32f032xx_s_keil.o(.text)
    RTC_BKP_IRQHandler                       0x0800017d   Thumb Code     0  startup_mm32f032xx_s_keil.o(.text)
    SPI1_IRQHandler                          0x0800017d   Thumb Code     0  startup_mm32f032xx_s_keil.o(.text)
    SPI2_IRQHandler                          0x0800017d   Thumb Code     0  startup_mm32f032xx_s_keil.o(.text)
    TIM14_IRQHandler                         0x0800017d   Thumb Code     0  startup_mm32f032xx_s_keil.o(.text)
    TIM16_IRQHandler                         0x0800017d   Thumb Code     0  startup_mm32f032xx_s_keil.o(.text)
    TIM17_IRQHandler                         0x0800017d   Thumb Code     0  startup_mm32f032xx_s_keil.o(.text)
    TIM1_BRK_UP_TRG_COM_IRQHandler           0x0800017d   Thumb Code     0  startup_mm32f032xx_s_keil.o(.text)
    TIM1_CC_IRQHandler                       0x0800017d   Thumb Code     0  startup_mm32f032xx_s_keil.o(.text)
    TIM2_IRQHandler                          0x0800017d   Thumb Code     0  startup_mm32f032xx_s_keil.o(.text)
    TIM3_IRQHandler                          0x0800017d   Thumb Code     0  startup_mm32f032xx_s_keil.o(.text)
    UART1_IRQHandler                         0x0800017d   Thumb Code     0  startup_mm32f032xx_s_keil.o(.text)
    UART2_IRQHandler                         0x0800017d   Thumb Code     0  startup_mm32f032xx_s_keil.o(.text)
    USB_IRQHandler                           0x0800017d   Thumb Code     0  startup_mm32f032xx_s_keil.o(.text)
    WWDG_IRQHandler                          0x0800017d   Thumb Code     0  startup_mm32f032xx_s_keil.o(.text)
    __aeabi_uidiv                            0x080001a5   Thumb Code     0  uidiv.o(.text)
    __aeabi_uidivmod                         0x080001a5   Thumb Code    44  uidiv.o(.text)
    __aeabi_memcpy                           0x080001d1   Thumb Code    36  memcpya.o(.text)
    __aeabi_memcpy4                          0x080001d1   Thumb Code     0  memcpya.o(.text)
    __aeabi_memcpy8                          0x080001d1   Thumb Code     0  memcpya.o(.text)
    __aeabi_memset                           0x080001f5   Thumb Code    14  memseta.o(.text)
    __aeabi_memset4                          0x080001f5   Thumb Code     0  memseta.o(.text)
    __aeabi_memset8                          0x080001f5   Thumb Code     0  memseta.o(.text)
    __aeabi_memclr                           0x08000203   Thumb Code     4  memseta.o(.text)
    __aeabi_memclr4                          0x08000203   Thumb Code     0  memseta.o(.text)
    __aeabi_memclr8                          0x08000203   Thumb Code     0  memseta.o(.text)
    memset                                   0x08000207   Thumb Code    18  memseta.o(.text)
    __scatterload                            0x08000219   Thumb Code    28  init.o(.text)
    __scatterload_rt2                        0x08000219   Thumb Code     0  init.o(.text)
    AppTaskCreate                            0x0800023d   Thumb Code    84  main.o(i.AppTaskCreate)
    AutoCalPllFactor                         0x080002c1   Thumb Code   106  system_mm32f032xx_s.o(i.AutoCalPllFactor)
    BSP_LED_Init                             0x0800032d   Thumb Code    94  bsp_led.o(i.BSP_LED_Init)
    GPIO_Init                                0x08000391   Thumb Code   154  hal_gpio.o(i.GPIO_Init)
    GPIO_PinAFConfig                         0x0800042b   Thumb Code    40  hal_gpio.o(i.GPIO_PinAFConfig)
    GPIO_ReadOutputDataBit                   0x08000453   Thumb Code    18  hal_gpio.o(i.GPIO_ReadOutputDataBit)
    GPIO_ResetBits                           0x08000465   Thumb Code     4  hal_gpio.o(i.GPIO_ResetBits)
    GPIO_StructInit                          0x08000469   Thumb Code    16  hal_gpio.o(i.GPIO_StructInit)
    GPIO_WriteBit                            0x08000479   Thumb Code    12  hal_gpio.o(i.GPIO_WriteBit)
    RCC_AHBPeriphClockCmd                    0x080004fd   Thumb Code    28  hal_rcc.o(i.RCC_AHBPeriphClockCmd)
    RCC_APB1PeriphClockCmd                   0x0800051d   Thumb Code    28  hal_rcc.o(i.RCC_APB1PeriphClockCmd)
    RCC_APB2PeriphClockCmd                   0x0800053d   Thumb Code    28  hal_rcc.o(i.RCC_APB2PeriphClockCmd)
    RCC_GetHCLKFreq                          0x0800055d   Thumb Code    24  hal_rcc.o(i.RCC_GetHCLKFreq)
    RCC_GetPCLK1Freq                         0x0800057d   Thumb Code    26  hal_rcc.o(i.RCC_GetPCLK1Freq)
    RCC_GetPCLK2Freq                         0x080005a1   Thumb Code    26  hal_rcc.o(i.RCC_GetPCLK2Freq)
    RCC_GetSysClockFreq                      0x080005c5   Thumb Code   102  hal_rcc.o(i.RCC_GetSysClockFreq)
    SysTick_Handler                          0x080007c1   Thumb Code    32  port.o(i.SysTick_Handler)
    SysTick_Init                             0x080007e5   Thumb Code    74  systick.o(i.SysTick_Init)
    SystemInit                               0x08000839   Thumb Code    90  system_mm32f032xx_s.o(i.SystemInit)
    UART_Cmd                                 0x080008a5   Thumb Code    12  hal_uart.o(i.UART_Cmd)
    UART_GetFlagStatus                       0x080008b1   Thumb Code    18  hal_uart.o(i.UART_GetFlagStatus)
    UART_Init                                0x080008c5   Thumb Code   116  hal_uart.o(i.UART_Init)
    UART_SendData                            0x0800093d   Thumb Code     6  hal_uart.o(i.UART_SendData)
    UART_StructInit                          0x08000943   Thumb Code    26  hal_uart.o(i.UART_StructInit)
    UARTx_Configure                          0x0800095d   Thumb Code   308  uart.o(i.UARTx_Configure)
    __0printf$bare                           0x08000a99   Thumb Code    12  printfb.o(i.__0printf$bare)
    __1printf$bare                           0x08000a99   Thumb Code     0  printfb.o(i.__0printf$bare)
    __2printf                                0x08000a99   Thumb Code     0  printfb.o(i.__0printf$bare)
    __ARM_common_switch8                     0x08000aad   Thumb Code    28  tasks.o(i.__ARM_common_switch8)
    __scatterload_copy                       0x08000ac9   Thumb Code    14  handlers.o(i.__scatterload_copy)
    __scatterload_null                       0x08000ad7   Thumb Code     2  handlers.o(i.__scatterload_null)
    __scatterload_zeroinit                   0x08000ad9   Thumb Code    14  handlers.o(i.__scatterload_zeroinit)
    fputc                                    0x08000b05   Thumb Code    32  uart.o(i.fputc)
    main                                     0x08000b29   Thumb Code    50  main.o(i.main)
    pvPortMalloc                             0x080014c9   Thumb Code   274  heap_4.o(i.pvPortMalloc)
    pxPortInitialiseStack                    0x080015f5   Thumb Code    26  port.o(i.pxPortInitialiseStack)
    uxListRemove                             0x08001615   Thumb Code    40  list.o(i.uxListRemove)
    vAppTask1                                0x0800163d   Thumb Code    54  main.o(i.vAppTask1)
    vAppTask2                                0x08001675   Thumb Code    44  main.o(i.vAppTask2)
    vAppTask3                                0x080016a5   Thumb Code    44  main.o(i.vAppTask3)
    vAppTask4                                0x080016d5   Thumb Code    44  main.o(i.vAppTask4)
    vListInitialise                          0x08001705   Thumb Code    26  list.o(i.vListInitialise)
    vListInitialiseItem                      0x0800171f   Thumb Code     6  list.o(i.vListInitialiseItem)
    vListInsert                              0x08001725   Thumb Code    54  list.o(i.vListInsert)
    vListInsertEnd                           0x0800175b   Thumb Code    24  list.o(i.vListInsertEnd)
    vPortEnterCritical                       0x08001775   Thumb Code    22  port.o(i.vPortEnterCritical)
    vPortExitCritical                        0x08001791   Thumb Code    36  port.o(i.vPortExitCritical)
    vPortFree                                0x080017b9   Thumb Code   130  heap_4.o(i.vPortFree)
    vPortSetupTimerInterrupt                 0x08001849   Thumb Code    34  port.o(i.vPortSetupTimerInterrupt)
    vPortYield                               0x08001875   Thumb Code    18  port.o(i.vPortYield)
    vQueueAddToRegistry                      0x0800188d   Thumb Code    40  queue.o(i.vQueueAddToRegistry)
    vQueueWaitForMessageRestricted           0x080018b9   Thumb Code    76  queue.o(i.vQueueWaitForMessageRestricted)
    vTaskDelay                               0x08001905   Thumb Code    62  tasks.o(i.vTaskDelay)
    vTaskInternalSetTimeOutState             0x08001949   Thumb Code    14  tasks.o(i.vTaskInternalSetTimeOutState)
    vTaskMissedYield                         0x08001961   Thumb Code     8  tasks.o(i.vTaskMissedYield)
    vTaskPlaceOnEventList                    0x0800196d   Thumb Code    38  tasks.o(i.vTaskPlaceOnEventList)
    vTaskPlaceOnEventListRestricted          0x08001999   Thumb Code    48  tasks.o(i.vTaskPlaceOnEventListRestricted)
    vTaskStartScheduler                      0x080019cd   Thumb Code    90  tasks.o(i.vTaskStartScheduler)
    vTaskSuspendAll                          0x08001a45   Thumb Code    12  tasks.o(i.vTaskSuspendAll)
    vTaskSwitchContext                       0x08001a55   Thumb Code   108  tasks.o(i.vTaskSwitchContext)
    xPortStartScheduler                      0x08001ad5   Thumb Code    48  port.o(i.xPortStartScheduler)
    xQueueGenericCreate                      0x08001b0d   Thumb Code   108  queue.o(i.xQueueGenericCreate)
    xQueueGenericReset                       0x08001b79   Thumb Code   130  queue.o(i.xQueueGenericReset)
    xQueueGenericSend                        0x08001bfb   Thumb Code   346  queue.o(i.xQueueGenericSend)
    xQueueGenericSendFromISR                 0x08001d55   Thumb Code   202  queue.o(i.xQueueGenericSendFromISR)
    xQueueReceive                            0x08001e1f   Thumb Code   312  queue.o(i.xQueueReceive)
    xTaskCheckForTimeOut                     0x08001f59   Thumb Code   110  tasks.o(i.xTaskCheckForTimeOut)
    xTaskCreate                              0x08001fd1   Thumb Code    92  tasks.o(i.xTaskCreate)
    xTaskGetSchedulerState                   0x0800202d   Thumb Code    28  tasks.o(i.xTaskGetSchedulerState)
    xTaskGetTickCount                        0x08002051   Thumb Code     6  tasks.o(i.xTaskGetTickCount)
    xTaskIncrementTick                       0x0800205d   Thumb Code   270  tasks.o(i.xTaskIncrementTick)
    xTaskPriorityDisinherit                  0x08002199   Thumb Code   124  tasks.o(i.xTaskPriorityDisinherit)
    xTaskRemoveFromEventList                 0x08002221   Thumb Code   112  tasks.o(i.xTaskRemoveFromEventList)
    xTaskResumeAll                           0x080022a9   Thumb Code   206  tasks.o(i.xTaskResumeAll)
    xTimerCreateTimerTask                    0x08002399   Thumb Code    52  timers.o(i.xTimerCreateTimerTask)
    xTimerGenericCommand                     0x080023e1   Thumb Code   110  timers.o(i.xTimerGenericCommand)
    Region$$Table$$Base                      0x08002454   Number         0  anon$$obj.o(Region$$Table)
    Region$$Table$$Limit                     0x08002474   Number         0  anon$$obj.o(Region$$Table)
    SystemCoreClock                          0x20000000   Data           4  system_mm32f032xx_s.o(.data)
    AHBPrescTable                            0x20000004   Data          16  system_mm32f032xx_s.o(.data)
    tbPresc                                  0x20000014   Data          16  hal_rcc.o(.data)
    pxCurrentTCB                             0x20000024   Data           4  tasks.o(.data)
    __stdout                                 0x20000098   Data           4  stdout.o(.data)
    xQueueRegistry                           0x2000009c   Data          64  queue.o(.bss)
    __initial_sp                             0x20001f30   Data           0  startup_mm32f032xx_s_keil.o(STACK)



==============================================================================

Memory Map of the image

  Image Entry point : 0x080000c1

  Load Region LR_IROM1 (Base: 0x08000000, Size: 0x00002510, Max: 0x00010000, ABSOLUTE)

    Execution Region ER_IROM1 (Exec base: 0x08000000, Load base: 0x08000000, Size: 0x00002474, Max: 0x00010000, ABSOLUTE)

    Exec Addr    Load Addr    Size         Type   Attr      Idx    E Section Name        Object

    0x08000000   0x08000000   0x000000c0   Data   RO           72    RESET               startup_mm32f032xx_s_keil.o
    0x080000c0   0x080000c0   0x00000000   Code   RO         4229  * .ARM.Collect$$$$00000000  mc_p.l(entry.o)
    0x080000c0   0x080000c0   0x00000004   Code   RO         4504    .ARM.Collect$$$$00000001  mc_p.l(entry2.o)
    0x080000c4   0x080000c4   0x00000004   Code   RO         4507    .ARM.Collect$$$$00000004  mc_p.l(entry5.o)
    0x080000c8   0x080000c8   0x00000000   Code   RO         4509    .ARM.Collect$$$$00000008  mc_p.l(entry7b.o)
    0x080000c8   0x080000c8   0x00000000   Code   RO         4511    .ARM.Collect$$$$0000000A  mc_p.l(entry8b.o)
    0x080000c8   0x080000c8   0x00000008   Code   RO         4512    .ARM.Collect$$$$0000000B  mc_p.l(entry9a.o)
    0x080000d0   0x080000d0   0x00000000   Code   RO         4514    .ARM.Collect$$$$0000000D  mc_p.l(entry10a.o)
    0x080000d0   0x080000d0   0x00000000   Code   RO         4516    .ARM.Collect$$$$0000000F  mc_p.l(entry11a.o)
    0x080000d0   0x080000d0   0x00000004   Code   RO         4505    .ARM.Collect$$$$00002712  mc_p.l(entry2.o)
    0x080000d4   0x080000d4   0x00000078   Code   RO         4158    .emb_text           port.o
    0x0800014c   0x0800014c   0x00000058   Code   RO           73    .text               startup_mm32f032xx_s_keil.o
    0x080001a4   0x080001a4   0x0000002c   Code   RO         4232    .text               mc_p.l(uidiv.o)
    0x080001d0   0x080001d0   0x00000024   Code   RO         4236    .text               mc_p.l(memcpya.o)
    0x080001f4   0x080001f4   0x00000024   Code   RO         4240    .text               mc_p.l(memseta.o)
    0x08000218   0x08000218   0x00000024   Code   RO         4532    .text               mc_p.l(init.o)
    0x0800023c   0x0800023c   0x00000084   Code   RO           79    i.AppTaskCreate     main.o
    0x080002c0   0x080002c0   0x0000006a   Code   RO            3    i.AutoCalPllFactor  system_mm32f032xx_s.o
    0x0800032a   0x0800032a   0x00000002   PAD
    0x0800032c   0x0800032c   0x00000064   Code   RO          324    i.BSP_LED_Init      bsp_led.o
    0x08000390   0x08000390   0x0000009a   Code   RO         1122    i.GPIO_Init         hal_gpio.o
    0x0800042a   0x0800042a   0x00000028   Code   RO         1123    i.GPIO_PinAFConfig  hal_gpio.o
    0x08000452   0x08000452   0x00000012   Code   RO         1129    i.GPIO_ReadOutputDataBit  hal_gpio.o
    0x08000464   0x08000464   0x00000004   Code   RO         1130    i.GPIO_ResetBits    hal_gpio.o
    0x08000468   0x08000468   0x00000010   Code   RO         1132    i.GPIO_StructInit   hal_gpio.o
    0x08000478   0x08000478   0x0000000c   Code   RO         1134    i.GPIO_WriteBit     hal_gpio.o
    0x08000484   0x08000484   0x00000078   Code   RO          255    i.NVIC_SetPriority  systick.o
    0x080004fc   0x080004fc   0x00000020   Code   RO         1624    i.RCC_AHBPeriphClockCmd  hal_rcc.o
    0x0800051c   0x0800051c   0x00000020   Code   RO         1626    i.RCC_APB1PeriphClockCmd  hal_rcc.o
    0x0800053c   0x0800053c   0x00000020   Code   RO         1628    i.RCC_APB2PeriphClockCmd  hal_rcc.o
    0x0800055c   0x0800055c   0x00000020   Code   RO         1637    i.RCC_GetHCLKFreq   hal_rcc.o
    0x0800057c   0x0800057c   0x00000024   Code   RO         1639    i.RCC_GetPCLK1Freq  hal_rcc.o
    0x080005a0   0x080005a0   0x00000024   Code   RO         1640    i.RCC_GetPCLK2Freq  hal_rcc.o
    0x080005c4   0x080005c4   0x00000078   Code   RO         1642    i.RCC_GetSysClockFreq  hal_rcc.o
    0x0800063c   0x0800063c   0x00000008   Code   RO            4    i.SetSysClock       system_mm32f032xx_s.o
    0x08000644   0x08000644   0x0000017c   Code   RO            5    i.SetSysClockTo48_HSI  system_mm32f032xx_s.o
    0x080007c0   0x080007c0   0x00000024   Code   RO         4160    i.SysTick_Handler   port.o
    0x080007e4   0x080007e4   0x00000054   Code   RO          257    i.SysTick_Init      systick.o
    0x08000838   0x08000838   0x0000006c   Code   RO            6    i.SystemInit        system_mm32f032xx_s.o
    0x080008a4   0x080008a4   0x0000000c   Code   RO         2745    i.UART_Cmd          hal_uart.o
    0x080008b0   0x080008b0   0x00000012   Code   RO         2749    i.UART_GetFlagStatus  hal_uart.o
    0x080008c2   0x080008c2   0x00000002   PAD
    0x080008c4   0x080008c4   0x00000078   Code   RO         2753    i.UART_Init         hal_uart.o
    0x0800093c   0x0800093c   0x00000006   Code   RO         2757    i.UART_SendData     hal_uart.o
    0x08000942   0x08000942   0x0000001a   Code   RO         2766    i.UART_StructInit   hal_uart.o
    0x0800095c   0x0800095c   0x0000013c   Code   RO          295    i.UARTx_Configure   uart.o
    0x08000a98   0x08000a98   0x00000014   Code   RO         4245    i.__0printf$bare    mc_p.l(printfb.o)
    0x08000aac   0x08000aac   0x0000001c   Code   RO         3943    i.__ARM_common_switch8  tasks.o
    0x08000ac8   0x08000ac8   0x0000000e   Code   RO         4546    i.__scatterload_copy  mc_p.l(handlers.o)
    0x08000ad6   0x08000ad6   0x00000002   Code   RO         4547    i.__scatterload_null  mc_p.l(handlers.o)
    0x08000ad8   0x08000ad8   0x0000000e   Code   RO         4548    i.__scatterload_zeroinit  mc_p.l(handlers.o)
    0x08000ae6   0x08000ae6   0x0000001e   Code   RO         4252    i._printf_core      mc_p.l(printfb.o)
    0x08000b04   0x08000b04   0x00000024   Code   RO          296    i.fputc             uart.o
    0x08000b28   0x08000b28   0x00000044   Code   RO           80    i.main              main.o
    0x08000b6c   0x08000b6c   0x0000007c   Code   RO         3589    i.prvAddCurrentTaskToDelayedList  tasks.o
    0x08000be8   0x08000be8   0x000000ac   Code   RO         3590    i.prvAddNewTaskToReadyList  tasks.o
    0x08000c94   0x08000c94   0x00000068   Code   RO         3955    i.prvCheckForValidListAndQueue  timers.o
    0x08000cfc   0x08000cfc   0x00000048   Code   RO         3591    i.prvCheckTasksWaitingTermination  tasks.o
    0x08000d44   0x08000d44   0x0000002c   Code   RO         3212    i.prvCopyDataFromQueue  queue.o
    0x08000d70   0x08000d70   0x00000080   Code   RO         3213    i.prvCopyDataToQueue  queue.o
    0x08000df0   0x08000df0   0x00000012   Code   RO         3592    i.prvDeleteTCB      tasks.o
    0x08000e02   0x08000e02   0x00000002   PAD
    0x08000e04   0x08000e04   0x0000002c   Code   RO         3956    i.prvGetNextExpireTime  timers.o
    0x08000e30   0x08000e30   0x00000080   Code   RO         4103    i.prvHeapInit       heap_4.o
    0x08000eb0   0x08000eb0   0x00000018   Code   RO         3593    i.prvIdleTask       tasks.o
    0x08000ec8   0x08000ec8   0x0000002c   Code   RO         3216    i.prvInitialiseNewQueue  queue.o
    0x08000ef4   0x08000ef4   0x000000ba   Code   RO         3594    i.prvInitialiseNewTask  tasks.o
    0x08000fae   0x08000fae   0x00000002   PAD
    0x08000fb0   0x08000fb0   0x00000064   Code   RO         3595    i.prvInitialiseTaskLists  tasks.o
    0x08001014   0x08001014   0x00000068   Code   RO         4104    i.prvInsertBlockIntoFreeList  heap_4.o
    0x0800107c   0x0800107c   0x00000054   Code   RO         3958    i.prvInsertTimerInActiveList  timers.o
    0x080010d0   0x080010d0   0x0000001c   Code   RO         3217    i.prvIsQueueEmpty   queue.o
    0x080010ec   0x080010ec   0x0000001e   Code   RO         3218    i.prvIsQueueFull    queue.o
    0x0800110a   0x0800110a   0x00000002   PAD
    0x0800110c   0x0800110c   0x00000068   Code   RO         3959    i.prvProcessExpiredTimer  timers.o
    0x08001174   0x08001174   0x00000128   Code   RO         3960    i.prvProcessReceivedCommands  timers.o
    0x0800129c   0x0800129c   0x0000006c   Code   RO         3961    i.prvProcessTimerOrBlockTask  timers.o
    0x08001308   0x08001308   0x00000034   Code   RO         3597    i.prvResetNextTaskUnblockTime  tasks.o
    0x0800133c   0x0800133c   0x0000002c   Code   RO         3962    i.prvSampleTimeNow  timers.o
    0x08001368   0x08001368   0x00000094   Code   RO         3963    i.prvSwitchTimerLists  timers.o
    0x080013fc   0x080013fc   0x00000024   Code   RO         4161    i.prvTaskExitError  port.o
    0x08001420   0x08001420   0x0000001a   Code   RO         3964    i.prvTimerTask      timers.o
    0x0800143a   0x0800143a   0x0000008e   Code   RO         3219    i.prvUnlockQueue    queue.o
    0x080014c8   0x080014c8   0x0000012c   Code   RO         4105    i.pvPortMalloc      heap_4.o
    0x080015f4   0x080015f4   0x00000020   Code   RO         4162    i.pxPortInitialiseStack  port.o
    0x08001614   0x08001614   0x00000028   Code   RO         3175    i.uxListRemove      list.o
    0x0800163c   0x0800163c   0x00000036   Code   RO           81    i.vAppTask1         main.o
    0x08001672   0x08001672   0x00000002   PAD
    0x08001674   0x08001674   0x00000030   Code   RO           82    i.vAppTask2         main.o
    0x080016a4   0x080016a4   0x00000030   Code   RO           83    i.vAppTask3         main.o
    0x080016d4   0x080016d4   0x00000030   Code   RO           84    i.vAppTask4         main.o
    0x08001704   0x08001704   0x0000001a   Code   RO         3176    i.vListInitialise   list.o
    0x0800171e   0x0800171e   0x00000006   Code   RO         3177    i.vListInitialiseItem  list.o
    0x08001724   0x08001724   0x00000036   Code   RO         3178    i.vListInsert       list.o
    0x0800175a   0x0800175a   0x00000018   Code   RO         3179    i.vListInsertEnd    list.o
    0x08001772   0x08001772   0x00000002   PAD
    0x08001774   0x08001774   0x0000001c   Code   RO         4164    i.vPortEnterCritical  port.o
    0x08001790   0x08001790   0x00000028   Code   RO         4165    i.vPortExitCritical  port.o
    0x080017b8   0x080017b8   0x00000090   Code   RO         4106    i.vPortFree         heap_4.o
    0x08001848   0x08001848   0x0000002c   Code   RO         4166    i.vPortSetupTimerInterrupt  port.o
    0x08001874   0x08001874   0x00000018   Code   RO         4167    i.vPortYield        port.o
    0x0800188c   0x0800188c   0x0000002c   Code   RO         3225    i.vQueueAddToRegistry  queue.o
    0x080018b8   0x080018b8   0x0000004c   Code   RO         3229    i.vQueueWaitForMessageRestricted  queue.o
    0x08001904   0x08001904   0x00000044   Code   RO         3609    i.vTaskDelay        tasks.o
    0x08001948   0x08001948   0x00000018   Code   RO         3615    i.vTaskInternalSetTimeOutState  tasks.o
    0x08001960   0x08001960   0x0000000c   Code   RO         3616    i.vTaskMissedYield  tasks.o
    0x0800196c   0x0800196c   0x0000002c   Code   RO         3617    i.vTaskPlaceOnEventList  tasks.o
    0x08001998   0x08001998   0x00000034   Code   RO         3618    i.vTaskPlaceOnEventListRestricted  tasks.o
    0x080019cc   0x080019cc   0x00000078   Code   RO         3626    i.vTaskStartScheduler  tasks.o
    0x08001a44   0x08001a44   0x00000010   Code   RO         3628    i.vTaskSuspendAll   tasks.o
    0x08001a54   0x08001a54   0x00000080   Code   RO         3629    i.vTaskSwitchContext  tasks.o
    0x08001ad4   0x08001ad4   0x00000038   Code   RO         4168    i.xPortStartScheduler  port.o
    0x08001b0c   0x08001b0c   0x0000006c   Code   RO         3232    i.xQueueGenericCreate  queue.o
    0x08001b78   0x08001b78   0x00000082   Code   RO         3233    i.xQueueGenericReset  queue.o
    0x08001bfa   0x08001bfa   0x0000015a   Code   RO         3234    i.xQueueGenericSend  queue.o
    0x08001d54   0x08001d54   0x000000ca   Code   RO         3235    i.xQueueGenericSendFromISR  queue.o
    0x08001e1e   0x08001e1e   0x00000138   Code   RO         3242    i.xQueueReceive     queue.o
    0x08001f56   0x08001f56   0x00000002   PAD
    0x08001f58   0x08001f58   0x00000078   Code   RO         3631    i.xTaskCheckForTimeOut  tasks.o
    0x08001fd0   0x08001fd0   0x0000005c   Code   RO         3632    i.xTaskCreate       tasks.o
    0x0800202c   0x0800202c   0x00000024   Code   RO         3638    i.xTaskGetSchedulerState  tasks.o
    0x08002050   0x08002050   0x0000000c   Code   RO         3639    i.xTaskGetTickCount  tasks.o
    0x0800205c   0x0800205c   0x0000013c   Code   RO         3641    i.xTaskIncrementTick  tasks.o
    0x08002198   0x08002198   0x00000088   Code   RO         3642    i.xTaskPriorityDisinherit  tasks.o
    0x08002220   0x08002220   0x00000088   Code   RO         3644    i.xTaskRemoveFromEventList  tasks.o
    0x080022a8   0x080022a8   0x000000f0   Code   RO         3645    i.xTaskResumeAll    tasks.o
    0x08002398   0x08002398   0x00000048   Code   RO         3972    i.xTimerCreateTimerTask  timers.o
    0x080023e0   0x080023e0   0x00000074   Code   RO         3973    i.xTimerGenericCommand  timers.o
    0x08002454   0x08002454   0x00000020   Data   RO         4544    Region$$Table       anon$$obj.o


    Execution Region RW_IRAM1 (Exec base: 0x20000000, Load base: 0x08002474, Size: 0x00001f30, Max: 0x00004000, ABSOLUTE)

    Exec Addr    Load Addr    Size         Type   Attr      Idx    E Section Name        Object

    0x20000000   0x08002474   0x00000014   Data   RW            7    .data               system_mm32f032xx_s.o
    0x20000014   0x08002488   0x00000010   Data   RW         1665    .data               hal_rcc.o
    0x20000024   0x08002498   0x0000003c   Data   RW         3648    .data               tasks.o
    0x20000060   0x080024d4   0x00000014   Data   RW         3979    .data               timers.o
    0x20000074   0x080024e8   0x00000020   Data   RW         4112    .data               heap_4.o
    0x20000094   0x08002508   0x00000004   Data   RW         4169    .data               port.o
    0x20000098   0x0800250c   0x00000004   Data   RW         4518    .data               mc_p.l(stdout.o)
    0x2000009c        -       0x00000040   Zero   RW         3246    .bss                queue.o
    0x200000dc        -       0x000000c8   Zero   RW         3647    .bss                tasks.o
    0x200001a4        -       0x00000028   Zero   RW         3978    .bss                timers.o
    0x200001cc        -       0x00001964   Zero   RW         4111    .bss                heap_4.o
    0x20001b30        -       0x00000400   Zero   RW           70    STACK               startup_mm32f032xx_s_keil.o


==============================================================================

Image component sizes


      Code (inc. data)   RO Data    RW Data    ZI Data      Debug   Object Name

       100          6          0          0          0        591   bsp_led.o
         0          0          0          0          0       2440   event_groups.o
       244          0          0          0          0       7079   hal_gpio.o
       320         58          0         16          0       8262   hal_rcc.o
       182          4          0          0          0       5362   hal_uart.o
       676         78          0         32       6500       4711   heap_4.o
       150          0          0          0          0       3658   list.o
       398         78          0          0          0      20643   main.o
       416         58          0          4          0       7157   port.o
      1634          4          0          0         64      16498   queue.o
        88         38        192          0       1024        824   startup_mm32f032xx_s_keil.o
       602         50          0         20          0     135164   system_mm32f032xx_s.o
       204         20          0          0          0       7111   systick.o
      2328        330          0         60        200      27622   tasks.o
      1146        108          0         20         40      15051   timers.o
       352         12          0          0          0       2070   uart.o

    ----------------------------------------------------------------------
      8856        844        224        152       7828     264243   Object Totals
         0          0         32          0          0          0   (incl. Generated)
        16          0          0          0          0          0   (incl. Padding)

    ----------------------------------------------------------------------

      Code (inc. data)   RO Data    RW Data    ZI Data      Debug   Library Member Name

         0          0          0          0          0          0   entry.o
         0          0          0          0          0          0   entry10a.o
         0          0          0          0          0          0   entry11a.o
         8          4          0          0          0          0   entry2.o
         4          0          0          0          0          0   entry5.o
         0          0          0          0          0          0   entry7b.o
         0          0          0          0          0          0   entry8b.o
         8          4          0          0          0          0   entry9a.o
        30          0          0          0          0          0   handlers.o
        36          8          0          0          0         68   init.o
        36          0          0          0          0         60   memcpya.o
        36          0          0          0          0        100   memseta.o
        50          8          0          0          0        144   printfb.o
         0          0          0          4          0          0   stdout.o
        44          0          0          0          0         72   uidiv.o

    ----------------------------------------------------------------------
       252         24          0          4          0        444   Library Totals
         0          0          0          0          0          0   (incl. Padding)

    ----------------------------------------------------------------------

      Code (inc. data)   RO Data    RW Data    ZI Data      Debug   Library Name

       252         24          0          4          0        444   mc_p.l

    ----------------------------------------------------------------------
       252         24          0          4          0        444   Library Totals

    ----------------------------------------------------------------------

==============================================================================


      Code (inc. data)   RO Data    RW Data    ZI Data      Debug   

      9108        868        224        156       7828     260387   Grand Totals
      9108        868        224        156       7828     260387   ELF Image Totals
      9108        868        224        156          0          0   ROM Totals

==============================================================================

    Total RO  Size (Code + RO Data)                 9332 (   9.11kB)
    Total RW  Size (RW Data + ZI Data)              7984 (   7.80kB)
    Total ROM Size (Code + RO Data + RW Data)       9488 (   9.27kB)

==============================================================================

